[robosuite WARNING] No private macro file found! (__init__.py:7)
WARNING:robosuite_logs:No private macro file found!
[robosuite WARNING] It is recommended to use a private macro file (__init__.py:8)
WARNING:robosuite_logs:It is recommended to use a private macro file
[robosuite WARNING] To setup, run: python /home/wjq/workspace/venvs/libero_act/lib/python3.12/site-packages/robosuite/scripts/setup_macros.py (__init__.py:9)
WARNING:robosuite_logs:To setup, run: python /home/wjq/workspace/venvs/libero_act/lib/python3.12/site-packages/robosuite/scripts/setup_macros.py
[info] using task orders [0, 1, 2, 3, 4, 5, 6, 7, 8, 9]
Loading weights from local directory
Creating LIBERO envs | suites=['libero_object'] | n_envs(per task)=1 | init_states=True
Restricting to task_ids=[4]
[info] using task orders [0, 1, 2, 3, 4, 5, 6, 7, 8, 9]
Built vec env | suite=libero_object | task_id=4 | n_envs=1
task=4 method=FRESH state=20 success=False steps=280
Creating LIBERO envs | suites=['libero_object'] | n_envs(per task)=1 | init_states=True
Restricting to task_ids=[4]
[info] using task orders [0, 1, 2, 3, 4, 5, 6, 7, 8, 9]
Built vec env | suite=libero_object | task_id=4 | n_envs=1
task=4 method=FRESH state=21 success=False steps=280
Creating LIBERO envs | suites=['libero_object'] | n_envs(per task)=1 | init_states=True
Restricting to task_ids=[4]
[info] using task orders [0, 1, 2, 3, 4, 5, 6, 7, 8, 9]
Built vec env | suite=libero_object | task_id=4 | n_envs=1
task=4 method=FRESH state=22 success=False steps=280
Creating LIBERO envs | suites=['libero_object'] | n_envs(per task)=1 | init_states=True
Restricting to task_ids=[4]
[info] using task orders [0, 1, 2, 3, 4, 5, 6, 7, 8, 9]
Built vec env | suite=libero_object | task_id=4 | n_envs=1
task=4 method=FRESH state=23 success=True steps=129
Creating LIBERO envs | suites=['libero_object'] | n_envs(per task)=1 | init_states=True
Restricting to task_ids=[4]
[info] using task orders [0, 1, 2, 3, 4, 5, 6, 7, 8, 9]
Built vec env | suite=libero_object | task_id=4 | n_envs=1
task=4 method=FRESH state=27 success=True steps=159
Creating LIBERO envs | suites=['libero_object'] | n_envs(per task)=1 | init_states=True
Restricting to task_ids=[4]
[info] using task orders [0, 1, 2, 3, 4, 5, 6, 7, 8, 9]
Built vec env | suite=libero_object | task_id=4 | n_envs=1
task=4 method=FRESH state=31 success=True steps=140
Creating LIBERO envs | suites=['libero_object'] | n_envs(per task)=1 | init_states=True
Restricting to task_ids=[4]
[info] using task orders [0, 1, 2, 3, 4, 5, 6, 7, 8, 9]
Built vec env | suite=libero_object | task_id=4 | n_envs=1
task=4 method=FRESH state=34 success=False steps=280
Creating LIBERO envs | suites=['libero_object'] | n_envs(per task)=1 | init_states=True
Restricting to task_ids=[4]
[info] using task orders [0, 1, 2, 3, 4, 5, 6, 7, 8, 9]
Built vec env | suite=libero_object | task_id=4 | n_envs=1
task=4 method=FRESH state=35 success=False steps=280
Creating LIBERO envs | suites=['libero_object'] | n_envs(per task)=1 | init_states=True
Restricting to task_ids=[4]
[info] using task orders [0, 1, 2, 3, 4, 5, 6, 7, 8, 9]
Built vec env | suite=libero_object | task_id=4 | n_envs=1
task=4 method=FRESH state=38 success=True steps=136
Creating LIBERO envs | suites=['libero_object'] | n_envs(per task)=1 | init_states=True
Restricting to task_ids=[4]
[info] using task orders [0, 1, 2, 3, 4, 5, 6, 7, 8, 9]
Built vec env | suite=libero_object | task_id=4 | n_envs=1
task=4 method=FRESH state=39 success=False steps=280
Creating LIBERO envs | suites=['libero_object'] | n_envs(per task)=1 | init_states=True
Restricting to task_ids=[4]
[info] using task orders [0, 1, 2, 3, 4, 5, 6, 7, 8, 9]
Built vec env | suite=libero_object | task_id=4 | n_envs=1
task=4 method=FRESH state=44 success=False steps=280
Creating LIBERO envs | suites=['libero_object'] | n_envs(per task)=1 | init_states=True
Restricting to task_ids=[4]
[info] using task orders [0, 1, 2, 3, 4, 5, 6, 7, 8, 9]
Built vec env | suite=libero_object | task_id=4 | n_envs=1
task=4 method=FRESH state=45 success=False steps=280
Creating LIBERO envs | suites=['libero_object'] | n_envs(per task)=1 | init_states=True
Restricting to task_ids=[4]
[info] using task orders [0, 1, 2, 3, 4, 5, 6, 7, 8, 9]
Built vec env | suite=libero_object | task_id=4 | n_envs=1
task=4 method=FRESH state=47 success=False steps=280
Creating LIBERO envs | suites=['libero_object'] | n_envs(per task)=1 | init_states=True
Restricting to task_ids=[4]
[info] using task orders [0, 1, 2, 3, 4, 5, 6, 7, 8, 9]
Built vec env | suite=libero_object | task_id=4 | n_envs=1
task=4 method=FRESH state=48 success=False steps=280
Creating LIBERO envs | suites=['libero_object'] | n_envs(per task)=1 | init_states=True
Restricting to task_ids=[4]
[info] using task orders [0, 1, 2, 3, 4, 5, 6, 7, 8, 9]
Built vec env | suite=libero_object | task_id=4 | n_envs=1
task=4 method=FO20 state=20 success=False steps=280
Creating LIBERO envs | suites=['libero_object'] | n_envs(per task)=1 | init_states=True
Restricting to task_ids=[4]
[info] using task orders [0, 1, 2, 3, 4, 5, 6, 7, 8, 9]
Built vec env | suite=libero_object | task_id=4 | n_envs=1
task=4 method=FO20 state=21 success=True steps=150
Creating LIBERO envs | suites=['libero_object'] | n_envs(per task)=1 | init_states=True
Restricting to task_ids=[4]
[info] using task orders [0, 1, 2, 3, 4, 5, 6, 7, 8, 9]
Built vec env | suite=libero_object | task_id=4 | n_envs=1
task=4 method=FO20 state=22 success=True steps=245
Creating LIBERO envs | suites=['libero_object'] | n_envs(per task)=1 | init_states=True
Restricting to task_ids=[4]
[info] using task orders [0, 1, 2, 3, 4, 5, 6, 7, 8, 9]
Built vec env | suite=libero_object | task_id=4 | n_envs=1
task=4 method=FO20 state=23 success=True steps=137
Creating LIBERO envs | suites=['libero_object'] | n_envs(per task)=1 | init_states=True
Restricting to task_ids=[4]
[info] using task orders [0, 1, 2, 3, 4, 5, 6, 7, 8, 9]
Built vec env | suite=libero_object | task_id=4 | n_envs=1
task=4 method=FO20 state=27 success=True steps=144
Creating LIBERO envs | suites=['libero_object'] | n_envs(per task)=1 | init_states=True
Restricting to task_ids=[4]
[info] using task orders [0, 1, 2, 3, 4, 5, 6, 7, 8, 9]
Built vec env | suite=libero_object | task_id=4 | n_envs=1
task=4 method=FO20 state=31 success=True steps=140
Creating LIBERO envs | suites=['libero_object'] | n_envs(per task)=1 | init_states=True
Restricting to task_ids=[4]
[info] using task orders [0, 1, 2, 3, 4, 5, 6, 7, 8, 9]
Built vec env | suite=libero_object | task_id=4 | n_envs=1
task=4 method=FO20 state=34 success=True steps=157
Creating LIBERO envs | suites=['libero_object'] | n_envs(per task)=1 | init_states=True
Restricting to task_ids=[4]
[info] using task orders [0, 1, 2, 3, 4, 5, 6, 7, 8, 9]
Built vec env | suite=libero_object | task_id=4 | n_envs=1
task=4 method=FO20 state=35 success=True steps=141
Creating LIBERO envs | suites=['libero_object'] | n_envs(per task)=1 | init_states=True
Restricting to task_ids=[4]
[info] using task orders [0, 1, 2, 3, 4, 5, 6, 7, 8, 9]
Built vec env | suite=libero_object | task_id=4 | n_envs=1
task=4 method=FO20 state=38 success=True steps=133
Creating LIBERO envs | suites=['libero_object'] | n_envs(per task)=1 | init_states=True
Restricting to task_ids=[4]
[info] using task orders [0, 1, 2, 3, 4, 5, 6, 7, 8, 9]
Built vec env | suite=libero_object | task_id=4 | n_envs=1
task=4 method=FO20 state=39 success=False steps=280
Creating LIBERO envs | suites=['libero_object'] | n_envs(per task)=1 | init_states=True
Restricting to task_ids=[4]
[info] using task orders [0, 1, 2, 3, 4, 5, 6, 7, 8, 9]
Built vec env | suite=libero_object | task_id=4 | n_envs=1
task=4 method=FO20 state=44 success=False steps=280
Creating LIBERO envs | suites=['libero_object'] | n_envs(per task)=1 | init_states=True
Restricting to task_ids=[4]
[info] using task orders [0, 1, 2, 3, 4, 5, 6, 7, 8, 9]
Built vec env | suite=libero_object | task_id=4 | n_envs=1
task=4 method=FO20 state=45 success=False steps=280
Creating LIBERO envs | suites=['libero_object'] | n_envs(per task)=1 | init_states=True
Restricting to task_ids=[4]
[info] using task orders [0, 1, 2, 3, 4, 5, 6, 7, 8, 9]
Built vec env | suite=libero_object | task_id=4 | n_envs=1
task=4 method=FO20 state=47 success=True steps=154
Creating LIBERO envs | suites=['libero_object'] | n_envs(per task)=1 | init_states=True
Restricting to task_ids=[4]
[info] using task orders [0, 1, 2, 3, 4, 5, 6, 7, 8, 9]
Built vec env | suite=libero_object | task_id=4 | n_envs=1
task=4 method=FO20 state=48 success=True steps=153
Creating LIBERO envs | suites=['libero_object'] | n_envs(per task)=1 | init_states=True
Restricting to task_ids=[4]
[info] using task orders [0, 1, 2, 3, 4, 5, 6, 7, 8, 9]
Built vec env | suite=libero_object | task_id=4 | n_envs=1
task=4 method=REVERSE20 state=20 success=False steps=280
Creating LIBERO envs | suites=['libero_object'] | n_envs(per task)=1 | init_states=True
Restricting to task_ids=[4]
[info] using task orders [0, 1, 2, 3, 4, 5, 6, 7, 8, 9]
Built vec env | suite=libero_object | task_id=4 | n_envs=1
task=4 method=REVERSE20 state=21 success=False steps=280
Creating LIBERO envs | suites=['libero_object'] | n_envs(per task)=1 | init_states=True
Restricting to task_ids=[4]
[info] using task orders [0, 1, 2, 3, 4, 5, 6, 7, 8, 9]
Built vec env | suite=libero_object | task_id=4 | n_envs=1
task=4 method=REVERSE20 state=22 success=False steps=280
Creating LIBERO envs | suites=['libero_object'] | n_envs(per task)=1 | init_states=True
Restricting to task_ids=[4]
[info] using task orders [0, 1, 2, 3, 4, 5, 6, 7, 8, 9]
Built vec env | suite=libero_object | task_id=4 | n_envs=1
task=4 method=REVERSE20 state=23 success=False steps=280
Creating LIBERO envs | suites=['libero_object'] | n_envs(per task)=1 | init_states=True
Restricting to task_ids=[4]
[info] using task orders [0, 1, 2, 3, 4, 5, 6, 7, 8, 9]
Built vec env | suite=libero_object | task_id=4 | n_envs=1
task=4 method=REVERSE20 state=27 success=False steps=280
Creating LIBERO envs | suites=['libero_object'] | n_envs(per task)=1 | init_states=True
Restricting to task_ids=[4]
[info] using task orders [0, 1, 2, 3, 4, 5, 6, 7, 8, 9]
Built vec env | suite=libero_object | task_id=4 | n_envs=1
task=4 method=REVERSE20 state=31 success=False steps=280
Creating LIBERO envs | suites=['libero_object'] | n_envs(per task)=1 | init_states=True
Restricting to task_ids=[4]
[info] using task orders [0, 1, 2, 3, 4, 5, 6, 7, 8, 9]
Built vec env | suite=libero_object | task_id=4 | n_envs=1
task=4 method=REVERSE20 state=34 success=False steps=280
Creating LIBERO envs | suites=['libero_object'] | n_envs(per task)=1 | init_states=True
Restricting to task_ids=[4]
[info] using task orders [0, 1, 2, 3, 4, 5, 6, 7, 8, 9]
Built vec env | suite=libero_object | task_id=4 | n_envs=1
task=4 method=REVERSE20 state=35 success=False steps=280
Creating LIBERO envs | suites=['libero_object'] | n_envs(per task)=1 | init_states=True
Restricting to task_ids=[4]
[info] using task orders [0, 1, 2, 3, 4, 5, 6, 7, 8, 9]
Built vec env | suite=libero_object | task_id=4 | n_envs=1
task=4 method=REVERSE20 state=38 success=False steps=280
Creating LIBERO envs | suites=['libero_object'] | n_envs(per task)=1 | init_states=True
Restricting to task_ids=[4]
[info] using task orders [0, 1, 2, 3, 4, 5, 6, 7, 8, 9]
Built vec env | suite=libero_object | task_id=4 | n_envs=1
task=4 method=REVERSE20 state=39 success=False steps=280
Creating LIBERO envs | suites=['libero_object'] | n_envs(per task)=1 | init_states=True
Restricting to task_ids=[4]
[info] using task orders [0, 1, 2, 3, 4, 5, 6, 7, 8, 9]
Built vec env | suite=libero_object | task_id=4 | n_envs=1
task=4 method=REVERSE20 state=44 success=False steps=280
Creating LIBERO envs | suites=['libero_object'] | n_envs(per task)=1 | init_states=True
Restricting to task_ids=[4]
[info] using task orders [0, 1, 2, 3, 4, 5, 6, 7, 8, 9]
Built vec env | suite=libero_object | task_id=4 | n_envs=1
task=4 method=REVERSE20 state=45 success=False steps=280
Creating LIBERO envs | suites=['libero_object'] | n_envs(per task)=1 | init_states=True
Restricting to task_ids=[4]
[info] using task orders [0, 1, 2, 3, 4, 5, 6, 7, 8, 9]
Built vec env | suite=libero_object | task_id=4 | n_envs=1
task=4 method=REVERSE20 state=47 success=False steps=280
Creating LIBERO envs | suites=['libero_object'] | n_envs(per task)=1 | init_states=True
Restricting to task_ids=[4]
[info] using task orders [0, 1, 2, 3, 4, 5, 6, 7, 8, 9]
Built vec env | suite=libero_object | task_id=4 | n_envs=1
task=4 method=REVERSE20 state=48 success=False steps=280
Creating LIBERO envs | suites=['libero_object'] | n_envs(per task)=1 | init_states=True
Restricting to task_ids=[4]
[info] using task orders [0, 1, 2, 3, 4, 5, 6, 7, 8, 9]
Built vec env | suite=libero_object | task_id=4 | n_envs=1
task=4 method=FULL_OLD20 state=20 success=False steps=280
Creating LIBERO envs | suites=['libero_object'] | n_envs(per task)=1 | init_states=True
Restricting to task_ids=[4]
[info] using task orders [0, 1, 2, 3, 4, 5, 6, 7, 8, 9]
Built vec env | suite=libero_object | task_id=4 | n_envs=1
task=4 method=FULL_OLD20 state=21 success=True steps=145
Creating LIBERO envs | suites=['libero_object'] | n_envs(per task)=1 | init_states=True
Restricting to task_ids=[4]
[info] using task orders [0, 1, 2, 3, 4, 5, 6, 7, 8, 9]
Built vec env | suite=libero_object | task_id=4 | n_envs=1
task=4 method=FULL_OLD20 state=22 success=False steps=280
Creating LIBERO envs | suites=['libero_object'] | n_envs(per task)=1 | init_states=True
Restricting to task_ids=[4]
[info] using task orders [0, 1, 2, 3, 4, 5, 6, 7, 8, 9]
Built vec env | suite=libero_object | task_id=4 | n_envs=1
task=4 method=FULL_OLD20 state=23 success=True steps=135
Creating LIBERO envs | suites=['libero_object'] | n_envs(per task)=1 | init_states=True
Restricting to task_ids=[4]
[info] using task orders [0, 1, 2, 3, 4, 5, 6, 7, 8, 9]
Built vec env | suite=libero_object | task_id=4 | n_envs=1
task=4 method=FULL_OLD20 state=27 success=False steps=280
Creating LIBERO envs | suites=['libero_object'] | n_envs(per task)=1 | init_states=True
Restricting to task_ids=[4]
[info] using task orders [0, 1, 2, 3, 4, 5, 6, 7, 8, 9]
Built vec env | suite=libero_object | task_id=4 | n_envs=1
task=4 method=FULL_OLD20 state=31 success=True steps=136
Creating LIBERO envs | suites=['libero_object'] | n_envs(per task)=1 | init_states=True
Restricting to task_ids=[4]
[info] using task orders [0, 1, 2, 3, 4, 5, 6, 7, 8, 9]
Built vec env | suite=libero_object | task_id=4 | n_envs=1
task=4 method=FULL_OLD20 state=34 success=True steps=142
Creating LIBERO envs | suites=['libero_object'] | n_envs(per task)=1 | init_states=True
Restricting to task_ids=[4]
[info] using task orders [0, 1, 2, 3, 4, 5, 6, 7, 8, 9]
Built vec env | suite=libero_object | task_id=4 | n_envs=1
task=4 method=FULL_OLD20 state=35 success=True steps=147
Creating LIBERO envs | suites=['libero_object'] | n_envs(per task)=1 | init_states=True
Restricting to task_ids=[4]
[info] using task orders [0, 1, 2, 3, 4, 5, 6, 7, 8, 9]
Built vec env | suite=libero_object | task_id=4 | n_envs=1
task=4 method=FULL_OLD20 state=38 success=False steps=280
Creating LIBERO envs | suites=['libero_object'] | n_envs(per task)=1 | init_states=True
Restricting to task_ids=[4]
[info] using task orders [0, 1, 2, 3, 4, 5, 6, 7, 8, 9]
Built vec env | suite=libero_object | task_id=4 | n_envs=1
task=4 method=FULL_OLD20 state=39 success=False steps=280
Creating LIBERO envs | suites=['libero_object'] | n_envs(per task)=1 | init_states=True
Restricting to task_ids=[4]
[info] using task orders [0, 1, 2, 3, 4, 5, 6, 7, 8, 9]
Built vec env | suite=libero_object | task_id=4 | n_envs=1
task=4 method=FULL_OLD20 state=44 success=False steps=280
Creating LIBERO envs | suites=['libero_object'] | n_envs(per task)=1 | init_states=True
Restricting to task_ids=[4]
[info] using task orders [0, 1, 2, 3, 4, 5, 6, 7, 8, 9]
Built vec env | suite=libero_object | task_id=4 | n_envs=1
task=4 method=FULL_OLD20 state=45 success=False steps=280
Creating LIBERO envs | suites=['libero_object'] | n_envs(per task)=1 | init_states=True
Restricting to task_ids=[4]
[info] using task orders [0, 1, 2, 3, 4, 5, 6, 7, 8, 9]
Built vec env | suite=libero_object | task_id=4 | n_envs=1
task=4 method=FULL_OLD20 state=47 success=False steps=280
Creating LIBERO envs | suites=['libero_object'] | n_envs(per task)=1 | init_states=True
Restricting to task_ids=[4]
[info] using task orders [0, 1, 2, 3, 4, 5, 6, 7, 8, 9]
Built vec env | suite=libero_object | task_id=4 | n_envs=1
task=4 method=FULL_OLD20 state=48 success=True steps=144
Creating LIBERO envs | suites=['libero_object'] | n_envs(per task)=1 | init_states=True
Restricting to task_ids=[4]
[info] using task orders [0, 1, 2, 3, 4, 5, 6, 7, 8, 9]
Built vec env | suite=libero_object | task_id=4 | n_envs=1
task=4 method=HARD_H16 state=20 success=False steps=280
Creating LIBERO envs | suites=['libero_object'] | n_envs(per task)=1 | init_states=True
Restricting to task_ids=[4]
[info] using task orders [0, 1, 2, 3, 4, 5, 6, 7, 8, 9]
Built vec env | suite=libero_object | task_id=4 | n_envs=1
task=4 method=HARD_H16 state=21 success=True steps=146
Creating LIBERO envs | suites=['libero_object'] | n_envs(per task)=1 | init_states=True
Restricting to task_ids=[4]
[info] using task orders [0, 1, 2, 3, 4, 5, 6, 7, 8, 9]
Built vec env | suite=libero_object | task_id=4 | n_envs=1
task=4 method=HARD_H16 state=22 success=False steps=280
Creating LIBERO envs | suites=['libero_object'] | n_envs(per task)=1 | init_states=True
Restricting to task_ids=[4]
[info] using task orders [0, 1, 2, 3, 4, 5, 6, 7, 8, 9]
Built vec env | suite=libero_object | task_id=4 | n_envs=1
task=4 method=HARD_H16 state=23 success=True steps=132
Creating LIBERO envs | suites=['libero_object'] | n_envs(per task)=1 | init_states=True
Restricting to task_ids=[4]
[info] using task orders [0, 1, 2, 3, 4, 5, 6, 7, 8, 9]
Built vec env | suite=libero_object | task_id=4 | n_envs=1
task=4 method=HARD_H16 state=27 success=True steps=143
Creating LIBERO envs | suites=['libero_object'] | n_envs(per task)=1 | init_states=True
Restricting to task_ids=[4]
[info] using task orders [0, 1, 2, 3, 4, 5, 6, 7, 8, 9]
Built vec env | suite=libero_object | task_id=4 | n_envs=1
task=4 method=HARD_H16 state=31 success=True steps=145
Creating LIBERO envs | suites=['libero_object'] | n_envs(per task)=1 | init_states=True
Restricting to task_ids=[4]
[info] using task orders [0, 1, 2, 3, 4, 5, 6, 7, 8, 9]
Built vec env | suite=libero_object | task_id=4 | n_envs=1
task=4 method=HARD_H16 state=34 success=True steps=138
Creating LIBERO envs | suites=['libero_object'] | n_envs(per task)=1 | init_states=True
Restricting to task_ids=[4]
[info] using task orders [0, 1, 2, 3, 4, 5, 6, 7, 8, 9]
Built vec env | suite=libero_object | task_id=4 | n_envs=1
task=4 method=HARD_H16 state=35 success=True steps=140
Creating LIBERO envs | suites=['libero_object'] | n_envs(per task)=1 | init_states=True
Restricting to task_ids=[4]
[info] using task orders [0, 1, 2, 3, 4, 5, 6, 7, 8, 9]
Built vec env | suite=libero_object | task_id=4 | n_envs=1
task=4 method=HARD_H16 state=38 success=True steps=135
Creating LIBERO envs | suites=['libero_object'] | n_envs(per task)=1 | init_states=True
Restricting to task_ids=[4]
[info] using task orders [0, 1, 2, 3, 4, 5, 6, 7, 8, 9]
Built vec env | suite=libero_object | task_id=4 | n_envs=1
task=4 method=HARD_H16 state=39 success=False steps=280
Creating LIBERO envs | suites=['libero_object'] | n_envs(per task)=1 | init_states=True
Restricting to task_ids=[4]
[info] using task orders [0, 1, 2, 3, 4, 5, 6, 7, 8, 9]
Built vec env | suite=libero_object | task_id=4 | n_envs=1
task=4 method=HARD_H16 state=44 success=True steps=135
Creating LIBERO envs | suites=['libero_object'] | n_envs(per task)=1 | init_states=True
Restricting to task_ids=[4]
[info] using task orders [0, 1, 2, 3, 4, 5, 6, 7, 8, 9]
Built vec env | suite=libero_object | task_id=4 | n_envs=1
task=4 method=HARD_H16 state=45 success=False steps=280
Creating LIBERO envs | suites=['libero_object'] | n_envs(per task)=1 | init_states=True
Restricting to task_ids=[4]
[info] using task orders [0, 1, 2, 3, 4, 5, 6, 7, 8, 9]
Built vec env | suite=libero_object | task_id=4 | n_envs=1
task=4 method=HARD_H16 state=47 success=True steps=151
Creating LIBERO envs | suites=['libero_object'] | n_envs(per task)=1 | init_states=True
Restricting to task_ids=[4]
[info] using task orders [0, 1, 2, 3, 4, 5, 6, 7, 8, 9]
Built vec env | suite=libero_object | task_id=4 | n_envs=1
task=4 method=HARD_H16 state=48 success=True steps=138
[info] using task orders [0, 1, 2, 3, 4, 5, 6, 7, 8, 9]
Loading weights from local directory
Creating LIBERO envs | suites=['libero_object'] | n_envs(per task)=1 | init_states=True
Restricting to task_ids=[5]
[info] using task orders [0, 1, 2, 3, 4, 5, 6, 7, 8, 9]
Built vec env | suite=libero_object | task_id=5 | n_envs=1
task=5 method=FRESH state=20 success=False steps=280
Creating LIBERO envs | suites=['libero_object'] | n_envs(per task)=1 | init_states=True
Restricting to task_ids=[5]
[info] using task orders [0, 1, 2, 3, 4, 5, 6, 7, 8, 9]
Built vec env | suite=libero_object | task_id=5 | n_envs=1
task=5 method=FRESH state=21 success=True steps=255
Creating LIBERO envs | suites=['libero_object'] | n_envs(per task)=1 | init_states=True
Restricting to task_ids=[5]
[info] using task orders [0, 1, 2, 3, 4, 5, 6, 7, 8, 9]
Built vec env | suite=libero_object | task_id=5 | n_envs=1
task=5 method=FRESH state=22 success=True steps=148
Creating LIBERO envs | suites=['libero_object'] | n_envs(per task)=1 | init_states=True
Restricting to task_ids=[5]
[info] using task orders [0, 1, 2, 3, 4, 5, 6, 7, 8, 9]
Built vec env | suite=libero_object | task_id=5 | n_envs=1
task=5 method=FRESH state=23 success=False steps=280
Creating LIBERO envs | suites=['libero_object'] | n_envs(per task)=1 | init_states=True
Restricting to task_ids=[5]
[info] using task orders [0, 1, 2, 3, 4, 5, 6, 7, 8, 9]
Built vec env | suite=libero_object | task_id=5 | n_envs=1
task=5 method=FRESH state=27 success=True steps=153
Creating LIBERO envs | suites=['libero_object'] | n_envs(per task)=1 | init_states=True
Restricting to task_ids=[5]
[info] using task orders [0, 1, 2, 3, 4, 5, 6, 7, 8, 9]
Built vec env | suite=libero_object | task_id=5 | n_envs=1
task=5 method=FRESH state=31 success=False steps=280
Creating LIBERO envs | suites=['libero_object'] | n_envs(per task)=1 | init_states=True
Restricting to task_ids=[5]
[info] using task orders [0, 1, 2, 3, 4, 5, 6, 7, 8, 9]
Built vec env | suite=libero_object | task_id=5 | n_envs=1
task=5 method=FRESH state=34 success=True steps=139
Creating LIBERO envs | suites=['libero_object'] | n_envs(per task)=1 | init_states=True
Restricting to task_ids=[5]
[info] using task orders [0, 1, 2, 3, 4, 5, 6, 7, 8, 9]
Built vec env | suite=libero_object | task_id=5 | n_envs=1
task=5 method=FRESH state=35 success=True steps=118
Creating LIBERO envs | suites=['libero_object'] | n_envs(per task)=1 | init_states=True
Restricting to task_ids=[5]
[info] using task orders [0, 1, 2, 3, 4, 5, 6, 7, 8, 9]
Built vec env | suite=libero_object | task_id=5 | n_envs=1
task=5 method=FRESH state=38 success=True steps=118
Creating LIBERO envs | suites=['libero_object'] | n_envs(per task)=1 | init_states=True
Restricting to task_ids=[5]
[info] using task orders [0, 1, 2, 3, 4, 5, 6, 7, 8, 9]
Built vec env | suite=libero_object | task_id=5 | n_envs=1
task=5 method=FRESH state=39 success=True steps=153
Creating LIBERO envs | suites=['libero_object'] | n_envs(per task)=1 | init_states=True
Restricting to task_ids=[5]
[info] using task orders [0, 1, 2, 3, 4, 5, 6, 7, 8, 9]
Built vec env | suite=libero_object | task_id=5 | n_envs=1
task=5 method=FRESH state=44 success=False steps=280
Creating LIBERO envs | suites=['libero_object'] | n_envs(per task)=1 | init_states=True
Restricting to task_ids=[5]
[info] using task orders [0, 1, 2, 3, 4, 5, 6, 7, 8, 9]
Built vec env | suite=libero_object | task_id=5 | n_envs=1
task=5 method=FRESH state=45 success=False steps=280
Creating LIBERO envs | suites=['libero_object'] | n_envs(per task)=1 | init_states=True
Restricting to task_ids=[5]
[info] using task orders [0, 1, 2, 3, 4, 5, 6, 7, 8, 9]
Built vec env | suite=libero_object | task_id=5 | n_envs=1
task=5 method=FRESH state=47 success=False steps=280
Creating LIBERO envs | suites=['libero_object'] | n_envs(per task)=1 | init_states=True
Restricting to task_ids=[5]
[info] using task orders [0, 1, 2, 3, 4, 5, 6, 7, 8, 9]
Built vec env | suite=libero_object | task_id=5 | n_envs=1
task=5 method=FRESH state=48 success=False steps=280
Creating LIBERO envs | suites=['libero_object'] | n_envs(per task)=1 | init_states=True
Restricting to task_ids=[5]
[info] using task orders [0, 1, 2, 3, 4, 5, 6, 7, 8, 9]
Built vec env | suite=libero_object | task_id=5 | n_envs=1
task=5 method=FO20 state=20 success=False steps=280
Creating LIBERO envs | suites=['libero_object'] | n_envs(per task)=1 | init_states=True
Restricting to task_ids=[5]
[info] using task orders [0, 1, 2, 3, 4, 5, 6, 7, 8, 9]
Built vec env | suite=libero_object | task_id=5 | n_envs=1
task=5 method=FO20 state=21 success=True steps=123
Creating LIBERO envs | suites=['libero_object'] | n_envs(per task)=1 | init_states=True
Restricting to task_ids=[5]
[info] using task orders [0, 1, 2, 3, 4, 5, 6, 7, 8, 9]
Built vec env | suite=libero_object | task_id=5 | n_envs=1
task=5 method=FO20 state=22 success=True steps=149
Creating LIBERO envs | suites=['libero_object'] | n_envs(per task)=1 | init_states=True
Restricting to task_ids=[5]
[info] using task orders [0, 1, 2, 3, 4, 5, 6, 7, 8, 9]
Built vec env | suite=libero_object | task_id=5 | n_envs=1
task=5 method=FO20 state=23 success=False steps=280
Creating LIBERO envs | suites=['libero_object'] | n_envs(per task)=1 | init_states=True
Restricting to task_ids=[5]
[info] using task orders [0, 1, 2, 3, 4, 5, 6, 7, 8, 9]
Built vec env | suite=libero_object | task_id=5 | n_envs=1
task=5 method=FO20 state=27 success=False steps=280
Creating LIBERO envs | suites=['libero_object'] | n_envs(per task)=1 | init_states=True
Restricting to task_ids=[5]
[info] using task orders [0, 1, 2, 3, 4, 5, 6, 7, 8, 9]
Built vec env | suite=libero_object | task_id=5 | n_envs=1
task=5 method=FO20 state=31 success=False steps=280
Creating LIBERO envs | suites=['libero_object'] | n_envs(per task)=1 | init_states=True
Restricting to task_ids=[5]
[info] using task orders [0, 1, 2, 3, 4, 5, 6, 7, 8, 9]
Built vec env | suite=libero_object | task_id=5 | n_envs=1
task=5 method=FO20 state=34 success=True steps=122
Creating LIBERO envs | suites=['libero_object'] | n_envs(per task)=1 | init_states=True
Restricting to task_ids=[5]
[info] using task orders [0, 1, 2, 3, 4, 5, 6, 7, 8, 9]
Built vec env | suite=libero_object | task_id=5 | n_envs=1
task=5 method=FO20 state=35 success=True steps=120
Creating LIBERO envs | suites=['libero_object'] | n_envs(per task)=1 | init_states=True
Restricting to task_ids=[5]
[info] using task orders [0, 1, 2, 3, 4, 5, 6, 7, 8, 9]
Built vec env | suite=libero_object | task_id=5 | n_envs=1
task=5 method=FO20 state=38 success=True steps=121
Creating LIBERO envs | suites=['libero_object'] | n_envs(per task)=1 | init_states=True
Restricting to task_ids=[5]
[info] using task orders [0, 1, 2, 3, 4, 5, 6, 7, 8, 9]
Built vec env | suite=libero_object | task_id=5 | n_envs=1
task=5 method=FO20 state=39 success=True steps=144
Creating LIBERO envs | suites=['libero_object'] | n_envs(per task)=1 | init_states=True
Restricting to task_ids=[5]
[info] using task orders [0, 1, 2, 3, 4, 5, 6, 7, 8, 9]
Built vec env | suite=libero_object | task_id=5 | n_envs=1
task=5 method=FO20 state=44 success=False steps=280
Creating LIBERO envs | suites=['libero_object'] | n_envs(per task)=1 | init_states=True
Restricting to task_ids=[5]
[info] using task orders [0, 1, 2, 3, 4, 5, 6, 7, 8, 9]
Built vec env | suite=libero_object | task_id=5 | n_envs=1
task=5 method=FO20 state=45 success=False steps=280
Creating LIBERO envs | suites=['libero_object'] | n_envs(per task)=1 | init_states=True
Restricting to task_ids=[5]
[info] using task orders [0, 1, 2, 3, 4, 5, 6, 7, 8, 9]
Built vec env | suite=libero_object | task_id=5 | n_envs=1
task=5 method=FO20 state=47 success=False steps=280
Creating LIBERO envs | suites=['libero_object'] | n_envs(per task)=1 | init_states=True
Restricting to task_ids=[5]
[info] using task orders [0, 1, 2, 3, 4, 5, 6, 7, 8, 9]
Built vec env | suite=libero_object | task_id=5 | n_envs=1
task=5 method=FO20 state=48 success=False steps=280
Creating LIBERO envs | suites=['libero_object'] | n_envs(per task)=1 | init_states=True
Restricting to task_ids=[5]
[info] using task orders [0, 1, 2, 3, 4, 5, 6, 7, 8, 9]
Built vec env | suite=libero_object | task_id=5 | n_envs=1
task=5 method=REVERSE20 state=20 success=False steps=280
Creating LIBERO envs | suites=['libero_object'] | n_envs(per task)=1 | init_states=True
Restricting to task_ids=[5]
[info] using task orders [0, 1, 2, 3, 4, 5, 6, 7, 8, 9]
Built vec env | suite=libero_object | task_id=5 | n_envs=1
task=5 method=REVERSE20 state=21 success=False steps=280
Creating LIBERO envs | suites=['libero_object'] | n_envs(per task)=1 | init_states=True
Restricting to task_ids=[5]
[info] using task orders [0, 1, 2, 3, 4, 5, 6, 7, 8, 9]
Built vec env | suite=libero_object | task_id=5 | n_envs=1
task=5 method=REVERSE20 state=22 success=False steps=280
Creating LIBERO envs | suites=['libero_object'] | n_envs(per task)=1 | init_states=True
Restricting to task_ids=[5]
[info] using task orders [0, 1, 2, 3, 4, 5, 6, 7, 8, 9]
Built vec env | suite=libero_object | task_id=5 | n_envs=1
task=5 method=REVERSE20 state=23 success=False steps=280
Creating LIBERO envs | suites=['libero_object'] | n_envs(per task)=1 | init_states=True
Restricting to task_ids=[5]
[info] using task orders [0, 1, 2, 3, 4, 5, 6, 7, 8, 9]
Built vec env | suite=libero_object | task_id=5 | n_envs=1
task=5 method=REVERSE20 state=27 success=False steps=280
Creating LIBERO envs | suites=['libero_object'] | n_envs(per task)=1 | init_states=True
Restricting to task_ids=[5]
[info] using task orders [0, 1, 2, 3, 4, 5, 6, 7, 8, 9]
Built vec env | suite=libero_object | task_id=5 | n_envs=1
task=5 method=REVERSE20 state=31 success=False steps=280
Creating LIBERO envs | suites=['libero_object'] | n_envs(per task)=1 | init_states=True
Restricting to task_ids=[5]
[info] using task orders [0, 1, 2, 3, 4, 5, 6, 7, 8, 9]
Built vec env | suite=libero_object | task_id=5 | n_envs=1
task=5 method=REVERSE20 state=34 success=False steps=280
Creating LIBERO envs | suites=['libero_object'] | n_envs(per task)=1 | init_states=True
Restricting to task_ids=[5]
[info] using task orders [0, 1, 2, 3, 4, 5, 6, 7, 8, 9]
Built vec env | suite=libero_object | task_id=5 | n_envs=1
task=5 method=REVERSE20 state=35 success=False steps=280
Creating LIBERO envs | suites=['libero_object'] | n_envs(per task)=1 | init_states=True
Restricting to task_ids=[5]
[info] using task orders [0, 1, 2, 3, 4, 5, 6, 7, 8, 9]
Built vec env | suite=libero_object | task_id=5 | n_envs=1
task=5 method=REVERSE20 state=38 success=False steps=280
Creating LIBERO envs | suites=['libero_object'] | n_envs(per task)=1 | init_states=True
Restricting to task_ids=[5]
[info] using task orders [0, 1, 2, 3, 4, 5, 6, 7, 8, 9]
Built vec env | suite=libero_object | task_id=5 | n_envs=1
task=5 method=REVERSE20 state=39 success=False steps=280
Creating LIBERO envs | suites=['libero_object'] | n_envs(per task)=1 | init_states=True
Restricting to task_ids=[5]
[info] using task orders [0, 1, 2, 3, 4, 5, 6, 7, 8, 9]
Built vec env | suite=libero_object | task_id=5 | n_envs=1
task=5 method=REVERSE20 state=44 success=False steps=280
Creating LIBERO envs | suites=['libero_object'] | n_envs(per task)=1 | init_states=True
Restricting to task_ids=[5]
[info] using task orders [0, 1, 2, 3, 4, 5, 6, 7, 8, 9]
Built vec env | suite=libero_object | task_id=5 | n_envs=1
task=5 method=REVERSE20 state=45 success=False steps=280
Creating LIBERO envs | suites=['libero_object'] | n_envs(per task)=1 | init_states=True
Restricting to task_ids=[5]
[info] using task orders [0, 1, 2, 3, 4, 5, 6, 7, 8, 9]
Built vec env | suite=libero_object | task_id=5 | n_envs=1
task=5 method=REVERSE20 state=47 success=False steps=280
Creating LIBERO envs | suites=['libero_object'] | n_envs(per task)=1 | init_states=True
Restricting to task_ids=[5]
[info] using task orders [0, 1, 2, 3, 4, 5, 6, 7, 8, 9]
Built vec env | suite=libero_object | task_id=5 | n_envs=1
task=5 method=REVERSE20 state=48 success=False steps=280
Creating LIBERO envs | suites=['libero_object'] | n_envs(per task)=1 | init_states=True
Restricting to task_ids=[5]
[info] using task orders [0, 1, 2, 3, 4, 5, 6, 7, 8, 9]
Built vec env | suite=libero_object | task_id=5 | n_envs=1
task=5 method=FULL_OLD20 state=20 success=False steps=280
Creating LIBERO envs | suites=['libero_object'] | n_envs(per task)=1 | init_states=True
Restricting to task_ids=[5]
[info] using task orders [0, 1, 2, 3, 4, 5, 6, 7, 8, 9]
Built vec env | suite=libero_object | task_id=5 | n_envs=1
task=5 method=FULL_OLD20 state=21 success=True steps=119
Creating LIBERO envs | suites=['libero_object'] | n_envs(per task)=1 | init_states=True
Restricting to task_ids=[5]
[info] using task orders [0, 1, 2, 3, 4, 5, 6, 7, 8, 9]
Built vec env | suite=libero_object | task_id=5 | n_envs=1
task=5 method=FULL_OLD20 state=22 success=False steps=280
Creating LIBERO envs | suites=['libero_object'] | n_envs(per task)=1 | init_states=True
Restricting to task_ids=[5]
[info] using task orders [0, 1, 2, 3, 4, 5, 6, 7, 8, 9]
Built vec env | suite=libero_object | task_id=5 | n_envs=1
task=5 method=FULL_OLD20 state=23 success=False steps=280
Creating LIBERO envs | suites=['libero_object'] | n_envs(per task)=1 | init_states=True
Restricting to task_ids=[5]
[info] using task orders [0, 1, 2, 3, 4, 5, 6, 7, 8, 9]
Built vec env | suite=libero_object | task_id=5 | n_envs=1
task=5 method=FULL_OLD20 state=27 success=False steps=280
Creating LIBERO envs | suites=['libero_object'] | n_envs(per task)=1 | init_states=True
Restricting to task_ids=[5]
[info] using task orders [0, 1, 2, 3, 4, 5, 6, 7, 8, 9]
Built vec env | suite=libero_object | task_id=5 | n_envs=1
task=5 method=FULL_OLD20 state=31 success=False steps=280
Creating LIBERO envs | suites=['libero_object'] | n_envs(per task)=1 | init_states=True
Restricting to task_ids=[5]
[info] using task orders [0, 1, 2, 3, 4, 5, 6, 7, 8, 9]
Built vec env | suite=libero_object | task_id=5 | n_envs=1
task=5 method=FULL_OLD20 state=34 success=False steps=280
Creating LIBERO envs | suites=['libero_object'] | n_envs(per task)=1 | init_states=True
Restricting to task_ids=[5]
[info] using task orders [0, 1, 2, 3, 4, 5, 6, 7, 8, 9]
Built vec env | suite=libero_object | task_id=5 | n_envs=1
task=5 method=FULL_OLD20 state=35 success=False steps=280
Creating LIBERO envs | suites=['libero_object'] | n_envs(per task)=1 | init_states=True
Restricting to task_ids=[5]
[info] using task orders [0, 1, 2, 3, 4, 5, 6, 7, 8, 9]
Built vec env | suite=libero_object | task_id=5 | n_envs=1
task=5 method=FULL_OLD20 state=38 success=True steps=125
Creating LIBERO envs | suites=['libero_object'] | n_envs(per task)=1 | init_states=True
Restricting to task_ids=[5]
[info] using task orders [0, 1, 2, 3, 4, 5, 6, 7, 8, 9]
Built vec env | suite=libero_object | task_id=5 | n_envs=1
task=5 method=FULL_OLD20 state=39 success=True steps=132
Creating LIBERO envs | suites=['libero_object'] | n_envs(per task)=1 | init_states=True
Restricting to task_ids=[5]
[info] using task orders [0, 1, 2, 3, 4, 5, 6, 7, 8, 9]
Built vec env | suite=libero_object | task_id=5 | n_envs=1
task=5 method=FULL_OLD20 state=44 success=False steps=280
Creating LIBERO envs | suites=['libero_object'] | n_envs(per task)=1 | init_states=True
Restricting to task_ids=[5]
[info] using task orders [0, 1, 2, 3, 4, 5, 6, 7, 8, 9]
Built vec env | suite=libero_object | task_id=5 | n_envs=1
task=5 method=FULL_OLD20 state=45 success=False steps=280
Creating LIBERO envs | suites=['libero_object'] | n_envs(per task)=1 | init_states=True
Restricting to task_ids=[5]
[info] using task orders [0, 1, 2, 3, 4, 5, 6, 7, 8, 9]
Built vec env | suite=libero_object | task_id=5 | n_envs=1
task=5 method=FULL_OLD20 state=47 success=True steps=118
Creating LIBERO envs | suites=['libero_object'] | n_envs(per task)=1 | init_states=True
Restricting to task_ids=[5]
[info] using task orders [0, 1, 2, 3, 4, 5, 6, 7, 8, 9]
Built vec env | suite=libero_object | task_id=5 | n_envs=1
task=5 method=FULL_OLD20 state=48 success=False steps=280
Creating LIBERO envs | suites=['libero_object'] | n_envs(per task)=1 | init_states=True
Restricting to task_ids=[5]
[info] using task orders [0, 1, 2, 3, 4, 5, 6, 7, 8, 9]
Built vec env | suite=libero_object | task_id=5 | n_envs=1
task=5 method=HARD_H16 state=20 success=True steps=226
Creating LIBERO envs | suites=['libero_object'] | n_envs(per task)=1 | init_states=True
Restricting to task_ids=[5]
[info] using task orders [0, 1, 2, 3, 4, 5, 6, 7, 8, 9]
Built vec env | suite=libero_object | task_id=5 | n_envs=1
task=5 method=HARD_H16 state=21 success=True steps=118
Creating LIBERO envs | suites=['libero_object'] | n_envs(per task)=1 | init_states=True
Restricting to task_ids=[5]
[info] using task orders [0, 1, 2, 3, 4, 5, 6, 7, 8, 9]
Built vec env | suite=libero_object | task_id=5 | n_envs=1
task=5 method=HARD_H16 state=22 success=True steps=129
Creating LIBERO envs | suites=['libero_object'] | n_envs(per task)=1 | init_states=True
Restricting to task_ids=[5]
[info] using task orders [0, 1, 2, 3, 4, 5, 6, 7, 8, 9]
Built vec env | suite=libero_object | task_id=5 | n_envs=1
task=5 method=HARD_H16 state=23 success=True steps=151
Creating LIBERO envs | suites=['libero_object'] | n_envs(per task)=1 | init_states=True
Restricting to task_ids=[5]
[info] using task orders [0, 1, 2, 3, 4, 5, 6, 7, 8, 9]
Built vec env | suite=libero_object | task_id=5 | n_envs=1
task=5 method=HARD_H16 state=27 success=False steps=280
Creating LIBERO envs | suites=['libero_object'] | n_envs(per task)=1 | init_states=True
Restricting to task_ids=[5]
[info] using task orders [0, 1, 2, 3, 4, 5, 6, 7, 8, 9]
Built vec env | suite=libero_object | task_id=5 | n_envs=1
task=5 method=HARD_H16 state=31 success=True steps=174
Creating LIBERO envs | suites=['libero_object'] | n_envs(per task)=1 | init_states=True
Restricting to task_ids=[5]
[info] using task orders [0, 1, 2, 3, 4, 5, 6, 7, 8, 9]
Built vec env | suite=libero_object | task_id=5 | n_envs=1
task=5 method=HARD_H16 state=34 success=True steps=122
Creating LIBERO envs | suites=['libero_object'] | n_envs(per task)=1 | init_states=True
Restricting to task_ids=[5]
[info] using task orders [0, 1, 2, 3, 4, 5, 6, 7, 8, 9]
Built vec env | suite=libero_object | task_id=5 | n_envs=1
task=5 method=HARD_H16 state=35 success=True steps=121
Creating LIBERO envs | suites=['libero_object'] | n_envs(per task)=1 | init_states=True
Restricting to task_ids=[5]
[info] using task orders [0, 1, 2, 3, 4, 5, 6, 7, 8, 9]
Built vec env | suite=libero_object | task_id=5 | n_envs=1
task=5 method=HARD_H16 state=38 success=True steps=121
Creating LIBERO envs | suites=['libero_object'] | n_envs(per task)=1 | init_states=True
Restricting to task_ids=[5]
[info] using task orders [0, 1, 2, 3, 4, 5, 6, 7, 8, 9]
Built vec env | suite=libero_object | task_id=5 | n_envs=1
task=5 method=HARD_H16 state=39 success=True steps=124
Creating LIBERO envs | suites=['libero_object'] | n_envs(per task)=1 | init_states=True
Restricting to task_ids=[5]
[info] using task orders [0, 1, 2, 3, 4, 5, 6, 7, 8, 9]
Built vec env | suite=libero_object | task_id=5 | n_envs=1
task=5 method=HARD_H16 state=44 success=True steps=154
Creating LIBERO envs | suites=['libero_object'] | n_envs(per task)=1 | init_states=True
Restricting to task_ids=[5]
[info] using task orders [0, 1, 2, 3, 4, 5, 6, 7, 8, 9]
Built vec env | suite=libero_object | task_id=5 | n_envs=1
task=5 method=HARD_H16 state=45 success=False steps=280
Creating LIBERO envs | suites=['libero_object'] | n_envs(per task)=1 | init_states=True
Restricting to task_ids=[5]
[info] using task orders [0, 1, 2, 3, 4, 5, 6, 7, 8, 9]
Built vec env | suite=libero_object | task_id=5 | n_envs=1
task=5 method=HARD_H16 state=47 success=False steps=280
Creating LIBERO envs | suites=['libero_object'] | n_envs(per task)=1 | init_states=True
Restricting to task_ids=[5]
[info] using task orders [0, 1, 2, 3, 4, 5, 6, 7, 8, 9]
Built vec env | suite=libero_object | task_id=5 | n_envs=1
task=5 method=HARD_H16 state=48 success=True steps=198
[info] using task orders [0, 1, 2, 3, 4, 5, 6, 7, 8, 9]
Loading weights from local directory
Creating LIBERO envs | suites=['libero_object'] | n_envs(per task)=1 | init_states=True
Restricting to task_ids=[6]
[info] using task orders [0, 1, 2, 3, 4, 5, 6, 7, 8, 9]
Built vec env | suite=libero_object | task_id=6 | n_envs=1
task=6 method=FRESH state=20 success=True steps=133
Creating LIBERO envs | suites=['libero_object'] | n_envs(per task)=1 | init_states=True
Restricting to task_ids=[6]
[info] using task orders [0, 1, 2, 3, 4, 5, 6, 7, 8, 9]
Built vec env | suite=libero_object | task_id=6 | n_envs=1
task=6 method=FRESH state=21 success=True steps=138
Creating LIBERO envs | suites=['libero_object'] | n_envs(per task)=1 | init_states=True
Restricting to task_ids=[6]
[info] using task orders [0, 1, 2, 3, 4, 5, 6, 7, 8, 9]
Built vec env | suite=libero_object | task_id=6 | n_envs=1
task=6 method=FRESH state=22 success=False steps=280
Creating LIBERO envs | suites=['libero_object'] | n_envs(per task)=1 | init_states=True
Restricting to task_ids=[6]
[info] using task orders [0, 1, 2, 3, 4, 5, 6, 7, 8, 9]
Built vec env | suite=libero_object | task_id=6 | n_envs=1
task=6 method=FRESH state=23 success=True steps=157
Creating LIBERO envs | suites=['libero_object'] | n_envs(per task)=1 | init_states=True
Restricting to task_ids=[6]
[info] using task orders [0, 1, 2, 3, 4, 5, 6, 7, 8, 9]
Built vec env | suite=libero_object | task_id=6 | n_envs=1
task=6 method=FRESH state=27 success=False steps=280
Creating LIBERO envs | suites=['libero_object'] | n_envs(per task)=1 | init_states=True
Restricting to task_ids=[6]
[info] using task orders [0, 1, 2, 3, 4, 5, 6, 7, 8, 9]
Built vec env | suite=libero_object | task_id=6 | n_envs=1
task=6 method=FRESH state=31 success=True steps=144
Creating LIBERO envs | suites=['libero_object'] | n_envs(per task)=1 | init_states=True
Restricting to task_ids=[6]
[info] using task orders [0, 1, 2, 3, 4, 5, 6, 7, 8, 9]
Built vec env | suite=libero_object | task_id=6 | n_envs=1
task=6 method=FRESH state=34 success=True steps=187
Creating LIBERO envs | suites=['libero_object'] | n_envs(per task)=1 | init_states=True
Restricting to task_ids=[6]
[info] using task orders [0, 1, 2, 3, 4, 5, 6, 7, 8, 9]
Built vec env | suite=libero_object | task_id=6 | n_envs=1
task=6 method=FRESH state=35 success=True steps=143
Creating LIBERO envs | suites=['libero_object'] | n_envs(per task)=1 | init_states=True
Restricting to task_ids=[6]
[info] using task orders [0, 1, 2, 3, 4, 5, 6, 7, 8, 9]
Built vec env | suite=libero_object | task_id=6 | n_envs=1
task=6 method=FRESH state=38 success=False steps=280
Creating LIBERO envs | suites=['libero_object'] | n_envs(per task)=1 | init_states=True
Restricting to task_ids=[6]
[info] using task orders [0, 1, 2, 3, 4, 5, 6, 7, 8, 9]
Built vec env | suite=libero_object | task_id=6 | n_envs=1
task=6 method=FRESH state=39 success=False steps=280
Creating LIBERO envs | suites=['libero_object'] | n_envs(per task)=1 | init_states=True
Restricting to task_ids=[6]
[info] using task orders [0, 1, 2, 3, 4, 5, 6, 7, 8, 9]
Built vec env | suite=libero_object | task_id=6 | n_envs=1
task=6 method=FRESH state=44 success=True steps=159
Creating LIBERO envs | suites=['libero_object'] | n_envs(per task)=1 | init_states=True
Restricting to task_ids=[6]
[info] using task orders [0, 1, 2, 3, 4, 5, 6, 7, 8, 9]
Built vec env | suite=libero_object | task_id=6 | n_envs=1
task=6 method=FRESH state=45 success=False steps=280
Creating LIBERO envs | suites=['libero_object'] | n_envs(per task)=1 | init_states=True
Restricting to task_ids=[6]
[info] using task orders [0, 1, 2, 3, 4, 5, 6, 7, 8, 9]
Built vec env | suite=libero_object | task_id=6 | n_envs=1
task=6 method=FRESH state=47 success=False steps=280
Creating LIBERO envs | suites=['libero_object'] | n_envs(per task)=1 | init_states=True
Restricting to task_ids=[6]
[info] using task orders [0, 1, 2, 3, 4, 5, 6, 7, 8, 9]
Built vec env | suite=libero_object | task_id=6 | n_envs=1
task=6 method=FRESH state=48 success=False steps=280
Creating LIBERO envs | suites=['libero_object'] | n_envs(per task)=1 | init_states=True
Restricting to task_ids=[6]
[info] using task orders [0, 1, 2, 3, 4, 5, 6, 7, 8, 9]
Built vec env | suite=libero_object | task_id=6 | n_envs=1
task=6 method=FO20 state=20 success=True steps=138
Creating LIBERO envs | suites=['libero_object'] | n_envs(per task)=1 | init_states=True
Restricting to task_ids=[6]
[info] using task orders [0, 1, 2, 3, 4, 5, 6, 7, 8, 9]
Built vec env | suite=libero_object | task_id=6 | n_envs=1
task=6 method=FO20 state=21 success=True steps=143
Creating LIBERO envs | suites=['libero_object'] | n_envs(per task)=1 | init_states=True
Restricting to task_ids=[6]
[info] using task orders [0, 1, 2, 3, 4, 5, 6, 7, 8, 9]
Built vec env | suite=libero_object | task_id=6 | n_envs=1
task=6 method=FO20 state=22 success=True steps=168
Creating LIBERO envs | suites=['libero_object'] | n_envs(per task)=1 | init_states=True
Restricting to task_ids=[6]
[info] using task orders [0, 1, 2, 3, 4, 5, 6, 7, 8, 9]
Built vec env | suite=libero_object | task_id=6 | n_envs=1
task=6 method=FO20 state=23 success=True steps=151
Creating LIBERO envs | suites=['libero_object'] | n_envs(per task)=1 | init_states=True
Restricting to task_ids=[6]
[info] using task orders [0, 1, 2, 3, 4, 5, 6, 7, 8, 9]
Built vec env | suite=libero_object | task_id=6 | n_envs=1
task=6 method=FO20 state=27 success=False steps=280
Creating LIBERO envs | suites=['libero_object'] | n_envs(per task)=1 | init_states=True
Restricting to task_ids=[6]
[info] using task orders [0, 1, 2, 3, 4, 5, 6, 7, 8, 9]
Built vec env | suite=libero_object | task_id=6 | n_envs=1
task=6 method=FO20 state=31 success=True steps=146
Creating LIBERO envs | suites=['libero_object'] | n_envs(per task)=1 | init_states=True
Restricting to task_ids=[6]
[info] using task orders [0, 1, 2, 3, 4, 5, 6, 7, 8, 9]
Built vec env | suite=libero_object | task_id=6 | n_envs=1
task=6 method=FO20 state=34 success=True steps=151
Creating LIBERO envs | suites=['libero_object'] | n_envs(per task)=1 | init_states=True
Restricting to task_ids=[6]
[info] using task orders [0, 1, 2, 3, 4, 5, 6, 7, 8, 9]
Built vec env | suite=libero_object | task_id=6 | n_envs=1
task=6 method=FO20 state=35 success=True steps=145
Creating LIBERO envs | suites=['libero_object'] | n_envs(per task)=1 | init_states=True
Restricting to task_ids=[6]
[info] using task orders [0, 1, 2, 3, 4, 5, 6, 7, 8, 9]
Built vec env | suite=libero_object | task_id=6 | n_envs=1
task=6 method=FO20 state=38 success=False steps=280
Creating LIBERO envs | suites=['libero_object'] | n_envs(per task)=1 | init_states=True
Restricting to task_ids=[6]
[info] using task orders [0, 1, 2, 3, 4, 5, 6, 7, 8, 9]
Built vec env | suite=libero_object | task_id=6 | n_envs=1
task=6 method=FO20 state=39 success=False steps=280
Creating LIBERO envs | suites=['libero_object'] | n_envs(per task)=1 | init_states=True
Restricting to task_ids=[6]
[info] using task orders [0, 1, 2, 3, 4, 5, 6, 7, 8, 9]
Built vec env | suite=libero_object | task_id=6 | n_envs=1
task=6 method=FO20 state=44 success=True steps=137
Creating LIBERO envs | suites=['libero_object'] | n_envs(per task)=1 | init_states=True
Restricting to task_ids=[6]
[info] using task orders [0, 1, 2, 3, 4, 5, 6, 7, 8, 9]
Built vec env | suite=libero_object | task_id=6 | n_envs=1
task=6 method=FO20 state=45 success=False steps=280
Creating LIBERO envs | suites=['libero_object'] | n_envs(per task)=1 | init_states=True
Restricting to task_ids=[6]
[info] using task orders [0, 1, 2, 3, 4, 5, 6, 7, 8, 9]
Built vec env | suite=libero_object | task_id=6 | n_envs=1
task=6 method=FO20 state=47 success=False steps=280
Creating LIBERO envs | suites=['libero_object'] | n_envs(per task)=1 | init_states=True
Restricting to task_ids=[6]
[info] using task orders [0, 1, 2, 3, 4, 5, 6, 7, 8, 9]
Built vec env | suite=libero_object | task_id=6 | n_envs=1
task=6 method=FO20 state=48 success=False steps=280
Creating LIBERO envs | suites=['libero_object'] | n_envs(per task)=1 | init_states=True
Restricting to task_ids=[6]
[info] using task orders [0, 1, 2, 3, 4, 5, 6, 7, 8, 9]
Built vec env | suite=libero_object | task_id=6 | n_envs=1
task=6 method=REVERSE20 state=20 success=False steps=280
Creating LIBERO envs | suites=['libero_object'] | n_envs(per task)=1 | init_states=True
Restricting to task_ids=[6]
[info] using task orders [0, 1, 2, 3, 4, 5, 6, 7, 8, 9]
Built vec env | suite=libero_object | task_id=6 | n_envs=1
task=6 method=REVERSE20 state=21 success=False steps=280
Creating LIBERO envs | suites=['libero_object'] | n_envs(per task)=1 | init_states=True
Restricting to task_ids=[6]
[info] using task orders [0, 1, 2, 3, 4, 5, 6, 7, 8, 9]
Built vec env | suite=libero_object | task_id=6 | n_envs=1
task=6 method=REVERSE20 state=22 success=False steps=280
Creating LIBERO envs | suites=['libero_object'] | n_envs(per task)=1 | init_states=True
Restricting to task_ids=[6]
[info] using task orders [0, 1, 2, 3, 4, 5, 6, 7, 8, 9]
Built vec env | suite=libero_object | task_id=6 | n_envs=1
task=6 method=REVERSE20 state=23 success=False steps=280
Creating LIBERO envs | suites=['libero_object'] | n_envs(per task)=1 | init_states=True
Restricting to task_ids=[6]
[info] using task orders [0, 1, 2, 3, 4, 5, 6, 7, 8, 9]
Built vec env | suite=libero_object | task_id=6 | n_envs=1
task=6 method=REVERSE20 state=27 success=False steps=280
Creating LIBERO envs | suites=['libero_object'] | n_envs(per task)=1 | init_states=True
Restricting to task_ids=[6]
[info] using task orders [0, 1, 2, 3, 4, 5, 6, 7, 8, 9]
Built vec env | suite=libero_object | task_id=6 | n_envs=1
task=6 method=REVERSE20 state=31 success=False steps=280
Creating LIBERO envs | suites=['libero_object'] | n_envs(per task)=1 | init_states=True
Restricting to task_ids=[6]
[info] using task orders [0, 1, 2, 3, 4, 5, 6, 7, 8, 9]
Built vec env | suite=libero_object | task_id=6 | n_envs=1
task=6 method=REVERSE20 state=34 success=False steps=280
Creating LIBERO envs | suites=['libero_object'] | n_envs(per task)=1 | init_states=True
Restricting to task_ids=[6]
[info] using task orders [0, 1, 2, 3, 4, 5, 6, 7, 8, 9]
Built vec env | suite=libero_object | task_id=6 | n_envs=1
task=6 method=REVERSE20 state=35 success=False steps=280
Creating LIBERO envs | suites=['libero_object'] | n_envs(per task)=1 | init_states=True
Restricting to task_ids=[6]
[info] using task orders [0, 1, 2, 3, 4, 5, 6, 7, 8, 9]
Built vec env | suite=libero_object | task_id=6 | n_envs=1
task=6 method=REVERSE20 state=38 success=False steps=280
Creating LIBERO envs | suites=['libero_object'] | n_envs(per task)=1 | init_states=True
Restricting to task_ids=[6]
[info] using task orders [0, 1, 2, 3, 4, 5, 6, 7, 8, 9]
Built vec env | suite=libero_object | task_id=6 | n_envs=1
task=6 method=REVERSE20 state=39 success=False steps=280
Creating LIBERO envs | suites=['libero_object'] | n_envs(per task)=1 | init_states=True
Restricting to task_ids=[6]
[info] using task orders [0, 1, 2, 3, 4, 5, 6, 7, 8, 9]
Built vec env | suite=libero_object | task_id=6 | n_envs=1
task=6 method=REVERSE20 state=44 success=True steps=139
Creating LIBERO envs | suites=['libero_object'] | n_envs(per task)=1 | init_states=True
Restricting to task_ids=[6]
[info] using task orders [0, 1, 2, 3, 4, 5, 6, 7, 8, 9]
Built vec env | suite=libero_object | task_id=6 | n_envs=1
task=6 method=REVERSE20 state=45 success=False steps=280
Creating LIBERO envs | suites=['libero_object'] | n_envs(per task)=1 | init_states=True
Restricting to task_ids=[6]
[info] using task orders [0, 1, 2, 3, 4, 5, 6, 7, 8, 9]
Built vec env | suite=libero_object | task_id=6 | n_envs=1
task=6 method=REVERSE20 state=47 success=False steps=280
Creating LIBERO envs | suites=['libero_object'] | n_envs(per task)=1 | init_states=True
Restricting to task_ids=[6]
[info] using task orders [0, 1, 2, 3, 4, 5, 6, 7, 8, 9]
Built vec env | suite=libero_object | task_id=6 | n_envs=1
task=6 method=REVERSE20 state=48 success=False steps=280
Creating LIBERO envs | suites=['libero_object'] | n_envs(per task)=1 | init_states=True
Restricting to task_ids=[6]
[info] using task orders [0, 1, 2, 3, 4, 5, 6, 7, 8, 9]
Built vec env | suite=libero_object | task_id=6 | n_envs=1
task=6 method=FULL_OLD20 state=20 success=False steps=280
Creating LIBERO envs | suites=['libero_object'] | n_envs(per task)=1 | init_states=True
Restricting to task_ids=[6]
[info] using task orders [0, 1, 2, 3, 4, 5, 6, 7, 8, 9]
Built vec env | suite=libero_object | task_id=6 | n_envs=1
task=6 method=FULL_OLD20 state=21 success=False steps=280
Creating LIBERO envs | suites=['libero_object'] | n_envs(per task)=1 | init_states=True
Restricting to task_ids=[6]
[info] using task orders [0, 1, 2, 3, 4, 5, 6, 7, 8, 9]
Built vec env | suite=libero_object | task_id=6 | n_envs=1
task=6 method=FULL_OLD20 state=22 success=True steps=140
Creating LIBERO envs | suites=['libero_object'] | n_envs(per task)=1 | init_states=True
Restricting to task_ids=[6]
[info] using task orders [0, 1, 2, 3, 4, 5, 6, 7, 8, 9]
Built vec env | suite=libero_object | task_id=6 | n_envs=1
task=6 method=FULL_OLD20 state=23 success=True steps=143
Creating LIBERO envs | suites=['libero_object'] | n_envs(per task)=1 | init_states=True
Restricting to task_ids=[6]
[info] using task orders [0, 1, 2, 3, 4, 5, 6, 7, 8, 9]
Built vec env | suite=libero_object | task_id=6 | n_envs=1
task=6 method=FULL_OLD20 state=27 success=False steps=280
Creating LIBERO envs | suites=['libero_object'] | n_envs(per task)=1 | init_states=True
Restricting to task_ids=[6]
[info] using task orders [0, 1, 2, 3, 4, 5, 6, 7, 8, 9]
Built vec env | suite=libero_object | task_id=6 | n_envs=1
task=6 method=FULL_OLD20 state=31 success=False steps=280
Creating LIBERO envs | suites=['libero_object'] | n_envs(per task)=1 | init_states=True
Restricting to task_ids=[6]
[info] using task orders [0, 1, 2, 3, 4, 5, 6, 7, 8, 9]
Built vec env | suite=libero_object | task_id=6 | n_envs=1
task=6 method=FULL_OLD20 state=34 success=False steps=280
Creating LIBERO envs | suites=['libero_object'] | n_envs(per task)=1 | init_states=True
Restricting to task_ids=[6]
[info] using task orders [0, 1, 2, 3, 4, 5, 6, 7, 8, 9]
Built vec env | suite=libero_object | task_id=6 | n_envs=1
task=6 method=FULL_OLD20 state=35 success=False steps=280
Creating LIBERO envs | suites=['libero_object'] | n_envs(per task)=1 | init_states=True
Restricting to task_ids=[6]
[info] using task orders [0, 1, 2, 3, 4, 5, 6, 7, 8, 9]
Built vec env | suite=libero_object | task_id=6 | n_envs=1
task=6 method=FULL_OLD20 state=38 success=False steps=280
Creating LIBERO envs | suites=['libero_object'] | n_envs(per task)=1 | init_states=True
Restricting to task_ids=[6]
[info] using task orders [0, 1, 2, 3, 4, 5, 6, 7, 8, 9]
Built vec env | suite=libero_object | task_id=6 | n_envs=1
task=6 method=FULL_OLD20 state=39 success=False steps=280
Creating LIBERO envs | suites=['libero_object'] | n_envs(per task)=1 | init_states=True
Restricting to task_ids=[6]
[info] using task orders [0, 1, 2, 3, 4, 5, 6, 7, 8, 9]
Built vec env | suite=libero_object | task_id=6 | n_envs=1
task=6 method=FULL_OLD20 state=44 success=True steps=143
Creating LIBERO envs | suites=['libero_object'] | n_envs(per task)=1 | init_states=True
Restricting to task_ids=[6]
[info] using task orders [0, 1, 2, 3, 4, 5, 6, 7, 8, 9]
Built vec env | suite=libero_object | task_id=6 | n_envs=1
task=6 method=FULL_OLD20 state=45 success=True steps=209
Creating LIBERO envs | suites=['libero_object'] | n_envs(per task)=1 | init_states=True
Restricting to task_ids=[6]
[info] using task orders [0, 1, 2, 3, 4, 5, 6, 7, 8, 9]
Built vec env | suite=libero_object | task_id=6 | n_envs=1
task=6 method=FULL_OLD20 state=47 success=False steps=280
Creating LIBERO envs | suites=['libero_object'] | n_envs(per task)=1 | init_states=True
Restricting to task_ids=[6]
[info] using task orders [0, 1, 2, 3, 4, 5, 6, 7, 8, 9]
Built vec env | suite=libero_object | task_id=6 | n_envs=1
task=6 method=FULL_OLD20 state=48 success=False steps=280
Creating LIBERO envs | suites=['libero_object'] | n_envs(per task)=1 | init_states=True
Restricting to task_ids=[6]
[info] using task orders [0, 1, 2, 3, 4, 5, 6, 7, 8, 9]
Built vec env | suite=libero_object | task_id=6 | n_envs=1
task=6 method=HARD_H16 state=20 success=True steps=135
Creating LIBERO envs | suites=['libero_object'] | n_envs(per task)=1 | init_states=True
Restricting to task_ids=[6]
[info] using task orders [0, 1, 2, 3, 4, 5, 6, 7, 8, 9]
Built vec env | suite=libero_object | task_id=6 | n_envs=1
task=6 method=HARD_H16 state=21 success=True steps=189
Creating LIBERO envs | suites=['libero_object'] | n_envs(per task)=1 | init_states=True
Restricting to task_ids=[6]
[info] using task orders [0, 1, 2, 3, 4, 5, 6, 7, 8, 9]
Built vec env | suite=libero_object | task_id=6 | n_envs=1
task=6 method=HARD_H16 state=22 success=True steps=141
Creating LIBERO envs | suites=['libero_object'] | n_envs(per task)=1 | init_states=True
Restricting to task_ids=[6]
[info] using task orders [0, 1, 2, 3, 4, 5, 6, 7, 8, 9]
Built vec env | suite=libero_object | task_id=6 | n_envs=1
task=6 method=HARD_H16 state=23 success=True steps=135
Creating LIBERO envs | suites=['libero_object'] | n_envs(per task)=1 | init_states=True
Restricting to task_ids=[6]
[info] using task orders [0, 1, 2, 3, 4, 5, 6, 7, 8, 9]
Built vec env | suite=libero_object | task_id=6 | n_envs=1
task=6 method=HARD_H16 state=27 success=False steps=280
Creating LIBERO envs | suites=['libero_object'] | n_envs(per task)=1 | init_states=True
Restricting to task_ids=[6]
[info] using task orders [0, 1, 2, 3, 4, 5, 6, 7, 8, 9]
Built vec env | suite=libero_object | task_id=6 | n_envs=1
task=6 method=HARD_H16 state=31 success=True steps=139
Creating LIBERO envs | suites=['libero_object'] | n_envs(per task)=1 | init_states=True
Restricting to task_ids=[6]
[info] using task orders [0, 1, 2, 3, 4, 5, 6, 7, 8, 9]
Built vec env | suite=libero_object | task_id=6 | n_envs=1
task=6 method=HARD_H16 state=34 success=True steps=144
Creating LIBERO envs | suites=['libero_object'] | n_envs(per task)=1 | init_states=True
Restricting to task_ids=[6]
[info] using task orders [0, 1, 2, 3, 4, 5, 6, 7, 8, 9]
Built vec env | suite=libero_object | task_id=6 | n_envs=1
task=6 method=HARD_H16 state=35 success=True steps=185
Creating LIBERO envs | suites=['libero_object'] | n_envs(per task)=1 | init_states=True
Restricting to task_ids=[6]
[info] using task orders [0, 1, 2, 3, 4, 5, 6, 7, 8, 9]
Built vec env | suite=libero_object | task_id=6 | n_envs=1
task=6 method=HARD_H16 state=38 success=False steps=280
Creating LIBERO envs | suites=['libero_object'] | n_envs(per task)=1 | init_states=True
Restricting to task_ids=[6]
[info] using task orders [0, 1, 2, 3, 4, 5, 6, 7, 8, 9]
Built vec env | suite=libero_object | task_id=6 | n_envs=1
task=6 method=HARD_H16 state=39 success=False steps=280
Creating LIBERO envs | suites=['libero_object'] | n_envs(per task)=1 | init_states=True
Restricting to task_ids=[6]
[info] using task orders [0, 1, 2, 3, 4, 5, 6, 7, 8, 9]
Built vec env | suite=libero_object | task_id=6 | n_envs=1
task=6 method=HARD_H16 state=44 success=True steps=134
Creating LIBERO envs | suites=['libero_object'] | n_envs(per task)=1 | init_states=True
Restricting to task_ids=[6]
[info] using task orders [0, 1, 2, 3, 4, 5, 6, 7, 8, 9]
Built vec env | suite=libero_object | task_id=6 | n_envs=1
task=6 method=HARD_H16 state=45 success=False steps=280
Creating LIBERO envs | suites=['libero_object'] | n_envs(per task)=1 | init_states=True
Restricting to task_ids=[6]
[info] using task orders [0, 1, 2, 3, 4, 5, 6, 7, 8, 9]
Built vec env | suite=libero_object | task_id=6 | n_envs=1
task=6 method=HARD_H16 state=47 success=False steps=280
Creating LIBERO envs | suites=['libero_object'] | n_envs(per task)=1 | init_states=True
Restricting to task_ids=[6]
[info] using task orders [0, 1, 2, 3, 4, 5, 6, 7, 8, 9]
Built vec env | suite=libero_object | task_id=6 | n_envs=1
task=6 method=HARD_H16 state=48 success=False steps=280
{"valid": true, "task_id": 4, "episodes": 70, "result": "/home/wjq/workspace/one-clock/experiments/group_delay_factorial_act20/results/task_04.json"}
{"valid": true, "task_id": 5, "episodes": 70, "result": "/home/wjq/workspace/one-clock/experiments/group_delay_factorial_act20/results/task_05.json"}
{"valid": true, "task_id": 6, "episodes": 70, "result": "/home/wjq/workspace/one-clock/experiments/group_delay_factorial_act20/results/task_06.json"}
