[robosuite WARNING] No private macro file found! (__init__.py:7)
WARNING:robosuite_logs:No private macro file found!
[robosuite WARNING] It is recommended to use a private macro file (__init__.py:8)
WARNING:robosuite_logs:It is recommended to use a private macro file
[robosuite WARNING] To setup, run: python /home/wjq/workspace/venvs/libero_act/lib/python3.12/site-packages/robosuite/scripts/setup_macros.py (__init__.py:9)
WARNING:robosuite_logs:To setup, run: python /home/wjq/workspace/venvs/libero_act/lib/python3.12/site-packages/robosuite/scripts/setup_macros.py
Loading weights from local directory
Creating LIBERO envs | suites=['libero_object'] | n_envs(per task)=1 | init_states=True
Restricting to task_ids=[1]
[info] using task orders [0, 1, 2, 3, 4, 5, 6, 7, 8, 9]
Built vec env | suite=libero_object | task_id=1 | n_envs=1
Creating LIBERO envs | suites=['libero_object'] | n_envs(per task)=1 | init_states=True
Restricting to task_ids=[1]
[info] using task orders [0, 1, 2, 3, 4, 5, 6, 7, 8, 9]
Built vec env | suite=libero_object | task_id=1 | n_envs=1
Creating LIBERO envs | suites=['libero_object'] | n_envs(per task)=1 | init_states=True
Restricting to task_ids=[1]
[info] using task orders [0, 1, 2, 3, 4, 5, 6, 7, 8, 9]
Built vec env | suite=libero_object | task_id=1 | n_envs=1
Creating LIBERO envs | suites=['libero_object'] | n_envs(per task)=1 | init_states=True
Restricting to task_ids=[1]
[info] using task orders [0, 1, 2, 3, 4, 5, 6, 7, 8, 9]
Built vec env | suite=libero_object | task_id=1 | n_envs=1
Creating LIBERO envs | suites=['libero_object'] | n_envs(per task)=1 | init_states=True
Restricting to task_ids=[1]
[info] using task orders [0, 1, 2, 3, 4, 5, 6, 7, 8, 9]
Built vec env | suite=libero_object | task_id=1 | n_envs=1
Creating LIBERO envs | suites=['libero_object'] | n_envs(per task)=1 | init_states=True
Restricting to task_ids=[1]
[info] using task orders [0, 1, 2, 3, 4, 5, 6, 7, 8, 9]
Built vec env | suite=libero_object | task_id=1 | n_envs=1
Creating LIBERO envs | suites=['libero_object'] | n_envs(per task)=1 | init_states=True
Restricting to task_ids=[1]
[info] using task orders [0, 1, 2, 3, 4, 5, 6, 7, 8, 9]
Built vec env | suite=libero_object | task_id=1 | n_envs=1
Creating LIBERO envs | suites=['libero_object'] | n_envs(per task)=1 | init_states=True
Restricting to task_ids=[1]
[info] using task orders [0, 1, 2, 3, 4, 5, 6, 7, 8, 9]
Built vec env | suite=libero_object | task_id=1 | n_envs=1
Creating LIBERO envs | suites=['libero_object'] | n_envs(per task)=1 | init_states=True
Restricting to task_ids=[1]
[info] using task orders [0, 1, 2, 3, 4, 5, 6, 7, 8, 9]
Built vec env | suite=libero_object | task_id=1 | n_envs=1
Creating LIBERO envs | suites=['libero_object'] | n_envs(per task)=1 | init_states=True
Restricting to task_ids=[1]
[info] using task orders [0, 1, 2, 3, 4, 5, 6, 7, 8, 9]
Built vec env | suite=libero_object | task_id=1 | n_envs=1
Creating LIBERO envs | suites=['libero_object'] | n_envs(per task)=1 | init_states=True
Restricting to task_ids=[1]
[info] using task orders [0, 1, 2, 3, 4, 5, 6, 7, 8, 9]
Built vec env | suite=libero_object | task_id=1 | n_envs=1
Creating LIBERO envs | suites=['libero_object'] | n_envs(per task)=1 | init_states=True
Restricting to task_ids=[1]
[info] using task orders [0, 1, 2, 3, 4, 5, 6, 7, 8, 9]
Built vec env | suite=libero_object | task_id=1 | n_envs=1
Creating LIBERO envs | suites=['libero_object'] | n_envs(per task)=1 | init_states=True
Restricting to task_ids=[1]
[info] using task orders [0, 1, 2, 3, 4, 5, 6, 7, 8, 9]
Built vec env | suite=libero_object | task_id=1 | n_envs=1
Creating LIBERO envs | suites=['libero_object'] | n_envs(per task)=1 | init_states=True
Restricting to task_ids=[1]
[info] using task orders [0, 1, 2, 3, 4, 5, 6, 7, 8, 9]
Built vec env | suite=libero_object | task_id=1 | n_envs=1
Creating LIBERO envs | suites=['libero_object'] | n_envs(per task)=1 | init_states=True
Restricting to task_ids=[1]
[info] using task orders [0, 1, 2, 3, 4, 5, 6, 7, 8, 9]
Built vec env | suite=libero_object | task_id=1 | n_envs=1
Creating LIBERO envs | suites=['libero_object'] | n_envs(per task)=1 | init_states=True
Restricting to task_ids=[1]
[info] using task orders [0, 1, 2, 3, 4, 5, 6, 7, 8, 9]
Built vec env | suite=libero_object | task_id=1 | n_envs=1
Creating LIBERO envs | suites=['libero_object'] | n_envs(per task)=1 | init_states=True
Restricting to task_ids=[2]
[info] using task orders [0, 1, 2, 3, 4, 5, 6, 7, 8, 9]
Built vec env | suite=libero_object | task_id=2 | n_envs=1
Creating LIBERO envs | suites=['libero_object'] | n_envs(per task)=1 | init_states=True
Restricting to task_ids=[2]
[info] using task orders [0, 1, 2, 3, 4, 5, 6, 7, 8, 9]
Built vec env | suite=libero_object | task_id=2 | n_envs=1
Creating LIBERO envs | suites=['libero_object'] | n_envs(per task)=1 | init_states=True
Restricting to task_ids=[2]
[info] using task orders [0, 1, 2, 3, 4, 5, 6, 7, 8, 9]
Built vec env | suite=libero_object | task_id=2 | n_envs=1
Creating LIBERO envs | suites=['libero_object'] | n_envs(per task)=1 | init_states=True
Restricting to task_ids=[2]
[info] using task orders [0, 1, 2, 3, 4, 5, 6, 7, 8, 9]
Built vec env | suite=libero_object | task_id=2 | n_envs=1
Creating LIBERO envs | suites=['libero_object'] | n_envs(per task)=1 | init_states=True
Restricting to task_ids=[2]
[info] using task orders [0, 1, 2, 3, 4, 5, 6, 7, 8, 9]
Built vec env | suite=libero_object | task_id=2 | n_envs=1
Creating LIBERO envs | suites=['libero_object'] | n_envs(per task)=1 | init_states=True
Restricting to task_ids=[2]
[info] using task orders [0, 1, 2, 3, 4, 5, 6, 7, 8, 9]
Built vec env | suite=libero_object | task_id=2 | n_envs=1
Creating LIBERO envs | suites=['libero_object'] | n_envs(per task)=1 | init_states=True
Restricting to task_ids=[2]
[info] using task orders [0, 1, 2, 3, 4, 5, 6, 7, 8, 9]
Built vec env | suite=libero_object | task_id=2 | n_envs=1
Creating LIBERO envs | suites=['libero_object'] | n_envs(per task)=1 | init_states=True
Restricting to task_ids=[2]
[info] using task orders [0, 1, 2, 3, 4, 5, 6, 7, 8, 9]
Built vec env | suite=libero_object | task_id=2 | n_envs=1
Creating LIBERO envs | suites=['libero_object'] | n_envs(per task)=1 | init_states=True
Restricting to task_ids=[2]
[info] using task orders [0, 1, 2, 3, 4, 5, 6, 7, 8, 9]
Built vec env | suite=libero_object | task_id=2 | n_envs=1
Creating LIBERO envs | suites=['libero_object'] | n_envs(per task)=1 | init_states=True
Restricting to task_ids=[2]
[info] using task orders [0, 1, 2, 3, 4, 5, 6, 7, 8, 9]
Built vec env | suite=libero_object | task_id=2 | n_envs=1
Creating LIBERO envs | suites=['libero_object'] | n_envs(per task)=1 | init_states=True
Restricting to task_ids=[2]
[info] using task orders [0, 1, 2, 3, 4, 5, 6, 7, 8, 9]
Built vec env | suite=libero_object | task_id=2 | n_envs=1
Creating LIBERO envs | suites=['libero_object'] | n_envs(per task)=1 | init_states=True
Restricting to task_ids=[2]
[info] using task orders [0, 1, 2, 3, 4, 5, 6, 7, 8, 9]
Built vec env | suite=libero_object | task_id=2 | n_envs=1
Creating LIBERO envs | suites=['libero_object'] | n_envs(per task)=1 | init_states=True
Restricting to task_ids=[2]
[info] using task orders [0, 1, 2, 3, 4, 5, 6, 7, 8, 9]
Built vec env | suite=libero_object | task_id=2 | n_envs=1
Creating LIBERO envs | suites=['libero_object'] | n_envs(per task)=1 | init_states=True
Restricting to task_ids=[2]
[info] using task orders [0, 1, 2, 3, 4, 5, 6, 7, 8, 9]
Built vec env | suite=libero_object | task_id=2 | n_envs=1
Creating LIBERO envs | suites=['libero_object'] | n_envs(per task)=1 | init_states=True
Restricting to task_ids=[2]
[info] using task orders [0, 1, 2, 3, 4, 5, 6, 7, 8, 9]
Built vec env | suite=libero_object | task_id=2 | n_envs=1
Creating LIBERO envs | suites=['libero_object'] | n_envs(per task)=1 | init_states=True
Restricting to task_ids=[2]
[info] using task orders [0, 1, 2, 3, 4, 5, 6, 7, 8, 9]
Built vec env | suite=libero_object | task_id=2 | n_envs=1
Creating LIBERO envs | suites=['libero_object'] | n_envs(per task)=1 | init_states=True
Restricting to task_ids=[2]
[info] using task orders [0, 1, 2, 3, 4, 5, 6, 7, 8, 9]
Built vec env | suite=libero_object | task_id=2 | n_envs=1
Creating LIBERO envs | suites=['libero_object'] | n_envs(per task)=1 | init_states=True
Restricting to task_ids=[2]
[info] using task orders [0, 1, 2, 3, 4, 5, 6, 7, 8, 9]
Built vec env | suite=libero_object | task_id=2 | n_envs=1
Creating LIBERO envs | suites=['libero_object'] | n_envs(per task)=1 | init_states=True
Restricting to task_ids=[2]
[info] using task orders [0, 1, 2, 3, 4, 5, 6, 7, 8, 9]
Built vec env | suite=libero_object | task_id=2 | n_envs=1
Creating LIBERO envs | suites=['libero_object'] | n_envs(per task)=1 | init_states=True
Restricting to task_ids=[2]
[info] using task orders [0, 1, 2, 3, 4, 5, 6, 7, 8, 9]
Built vec env | suite=libero_object | task_id=2 | n_envs=1
Creating LIBERO envs | suites=['libero_object'] | n_envs(per task)=1 | init_states=True
Restricting to task_ids=[3]
[info] using task orders [0, 1, 2, 3, 4, 5, 6, 7, 8, 9]
Built vec env | suite=libero_object | task_id=3 | n_envs=1
Creating LIBERO envs | suites=['libero_object'] | n_envs(per task)=1 | init_states=True
Restricting to task_ids=[3]
[info] using task orders [0, 1, 2, 3, 4, 5, 6, 7, 8, 9]
Built vec env | suite=libero_object | task_id=3 | n_envs=1
Creating LIBERO envs | suites=['libero_object'] | n_envs(per task)=1 | init_states=True
Restricting to task_ids=[3]
[info] using task orders [0, 1, 2, 3, 4, 5, 6, 7, 8, 9]
Built vec env | suite=libero_object | task_id=3 | n_envs=1
Creating LIBERO envs | suites=['libero_object'] | n_envs(per task)=1 | init_states=True
Restricting to task_ids=[3]
[info] using task orders [0, 1, 2, 3, 4, 5, 6, 7, 8, 9]
Built vec env | suite=libero_object | task_id=3 | n_envs=1
Creating LIBERO envs | suites=['libero_object'] | n_envs(per task)=1 | init_states=True
Restricting to task_ids=[3]
[info] using task orders [0, 1, 2, 3, 4, 5, 6, 7, 8, 9]
Built vec env | suite=libero_object | task_id=3 | n_envs=1
Creating LIBERO envs | suites=['libero_object'] | n_envs(per task)=1 | init_states=True
Restricting to task_ids=[3]
[info] using task orders [0, 1, 2, 3, 4, 5, 6, 7, 8, 9]
Built vec env | suite=libero_object | task_id=3 | n_envs=1
Creating LIBERO envs | suites=['libero_object'] | n_envs(per task)=1 | init_states=True
Restricting to task_ids=[3]
[info] using task orders [0, 1, 2, 3, 4, 5, 6, 7, 8, 9]
Built vec env | suite=libero_object | task_id=3 | n_envs=1
Creating LIBERO envs | suites=['libero_object'] | n_envs(per task)=1 | init_states=True
Restricting to task_ids=[3]
[info] using task orders [0, 1, 2, 3, 4, 5, 6, 7, 8, 9]
Built vec env | suite=libero_object | task_id=3 | n_envs=1
Creating LIBERO envs | suites=['libero_object'] | n_envs(per task)=1 | init_states=True
Restricting to task_ids=[3]
[info] using task orders [0, 1, 2, 3, 4, 5, 6, 7, 8, 9]
Built vec env | suite=libero_object | task_id=3 | n_envs=1
Creating LIBERO envs | suites=['libero_object'] | n_envs(per task)=1 | init_states=True
Restricting to task_ids=[3]
[info] using task orders [0, 1, 2, 3, 4, 5, 6, 7, 8, 9]
Built vec env | suite=libero_object | task_id=3 | n_envs=1
Creating LIBERO envs | suites=['libero_object'] | n_envs(per task)=1 | init_states=True
Restricting to task_ids=[3]
[info] using task orders [0, 1, 2, 3, 4, 5, 6, 7, 8, 9]
Built vec env | suite=libero_object | task_id=3 | n_envs=1
Creating LIBERO envs | suites=['libero_object'] | n_envs(per task)=1 | init_states=True
Restricting to task_ids=[3]
[info] using task orders [0, 1, 2, 3, 4, 5, 6, 7, 8, 9]
Built vec env | suite=libero_object | task_id=3 | n_envs=1
Creating LIBERO envs | suites=['libero_object'] | n_envs(per task)=1 | init_states=True
Restricting to task_ids=[3]
[info] using task orders [0, 1, 2, 3, 4, 5, 6, 7, 8, 9]
Built vec env | suite=libero_object | task_id=3 | n_envs=1
Creating LIBERO envs | suites=['libero_object'] | n_envs(per task)=1 | init_states=True
Restricting to task_ids=[3]
[info] using task orders [0, 1, 2, 3, 4, 5, 6, 7, 8, 9]
Built vec env | suite=libero_object | task_id=3 | n_envs=1
Creating LIBERO envs | suites=['libero_object'] | n_envs(per task)=1 | init_states=True
Restricting to task_ids=[3]
[info] using task orders [0, 1, 2, 3, 4, 5, 6, 7, 8, 9]
Built vec env | suite=libero_object | task_id=3 | n_envs=1
Creating LIBERO envs | suites=['libero_object'] | n_envs(per task)=1 | init_states=True
Restricting to task_ids=[3]
[info] using task orders [0, 1, 2, 3, 4, 5, 6, 7, 8, 9]
Built vec env | suite=libero_object | task_id=3 | n_envs=1
Creating LIBERO envs | suites=['libero_object'] | n_envs(per task)=1 | init_states=True
Restricting to task_ids=[3]
[info] using task orders [0, 1, 2, 3, 4, 5, 6, 7, 8, 9]
Built vec env | suite=libero_object | task_id=3 | n_envs=1
Creating LIBERO envs | suites=['libero_object'] | n_envs(per task)=1 | init_states=True
Restricting to task_ids=[3]
[info] using task orders [0, 1, 2, 3, 4, 5, 6, 7, 8, 9]
Built vec env | suite=libero_object | task_id=3 | n_envs=1
Creating LIBERO envs | suites=['libero_object'] | n_envs(per task)=1 | init_states=True
Restricting to task_ids=[3]
[info] using task orders [0, 1, 2, 3, 4, 5, 6, 7, 8, 9]
Built vec env | suite=libero_object | task_id=3 | n_envs=1
Creating LIBERO envs | suites=['libero_object'] | n_envs(per task)=1 | init_states=True
Restricting to task_ids=[3]
[info] using task orders [0, 1, 2, 3, 4, 5, 6, 7, 8, 9]
Built vec env | suite=libero_object | task_id=3 | n_envs=1
Creating LIBERO envs | suites=['libero_object'] | n_envs(per task)=1 | init_states=True
Restricting to task_ids=[4]
[info] using task orders [0, 1, 2, 3, 4, 5, 6, 7, 8, 9]
Built vec env | suite=libero_object | task_id=4 | n_envs=1
Creating LIBERO envs | suites=['libero_object'] | n_envs(per task)=1 | init_states=True
Restricting to task_ids=[4]
[info] using task orders [0, 1, 2, 3, 4, 5, 6, 7, 8, 9]
Built vec env | suite=libero_object | task_id=4 | n_envs=1
Creating LIBERO envs | suites=['libero_object'] | n_envs(per task)=1 | init_states=True
Restricting to task_ids=[4]
[info] using task orders [0, 1, 2, 3, 4, 5, 6, 7, 8, 9]
Built vec env | suite=libero_object | task_id=4 | n_envs=1
Creating LIBERO envs | suites=['libero_object'] | n_envs(per task)=1 | init_states=True
Restricting to task_ids=[4]
[info] using task orders [0, 1, 2, 3, 4, 5, 6, 7, 8, 9]
Built vec env | suite=libero_object | task_id=4 | n_envs=1
Creating LIBERO envs | suites=['libero_object'] | n_envs(per task)=1 | init_states=True
Restricting to task_ids=[4]
[info] using task orders [0, 1, 2, 3, 4, 5, 6, 7, 8, 9]
Built vec env | suite=libero_object | task_id=4 | n_envs=1
Creating LIBERO envs | suites=['libero_object'] | n_envs(per task)=1 | init_states=True
Restricting to task_ids=[4]
[info] using task orders [0, 1, 2, 3, 4, 5, 6, 7, 8, 9]
Built vec env | suite=libero_object | task_id=4 | n_envs=1
Creating LIBERO envs | suites=['libero_object'] | n_envs(per task)=1 | init_states=True
Restricting to task_ids=[4]
[info] using task orders [0, 1, 2, 3, 4, 5, 6, 7, 8, 9]
Built vec env | suite=libero_object | task_id=4 | n_envs=1
Creating LIBERO envs | suites=['libero_object'] | n_envs(per task)=1 | init_states=True
Restricting to task_ids=[4]
[info] using task orders [0, 1, 2, 3, 4, 5, 6, 7, 8, 9]
Built vec env | suite=libero_object | task_id=4 | n_envs=1
Creating LIBERO envs | suites=['libero_object'] | n_envs(per task)=1 | init_states=True
Restricting to task_ids=[4]
[info] using task orders [0, 1, 2, 3, 4, 5, 6, 7, 8, 9]
Built vec env | suite=libero_object | task_id=4 | n_envs=1
Creating LIBERO envs | suites=['libero_object'] | n_envs(per task)=1 | init_states=True
Restricting to task_ids=[4]
[info] using task orders [0, 1, 2, 3, 4, 5, 6, 7, 8, 9]
Built vec env | suite=libero_object | task_id=4 | n_envs=1
Creating LIBERO envs | suites=['libero_object'] | n_envs(per task)=1 | init_states=True
Restricting to task_ids=[4]
[info] using task orders [0, 1, 2, 3, 4, 5, 6, 7, 8, 9]
Built vec env | suite=libero_object | task_id=4 | n_envs=1
Creating LIBERO envs | suites=['libero_object'] | n_envs(per task)=1 | init_states=True
Restricting to task_ids=[4]
[info] using task orders [0, 1, 2, 3, 4, 5, 6, 7, 8, 9]
Built vec env | suite=libero_object | task_id=4 | n_envs=1
Creating LIBERO envs | suites=['libero_object'] | n_envs(per task)=1 | init_states=True
Restricting to task_ids=[4]
[info] using task orders [0, 1, 2, 3, 4, 5, 6, 7, 8, 9]
Built vec env | suite=libero_object | task_id=4 | n_envs=1
Creating LIBERO envs | suites=['libero_object'] | n_envs(per task)=1 | init_states=True
Restricting to task_ids=[4]
[info] using task orders [0, 1, 2, 3, 4, 5, 6, 7, 8, 9]
Built vec env | suite=libero_object | task_id=4 | n_envs=1
Creating LIBERO envs | suites=['libero_object'] | n_envs(per task)=1 | init_states=True
Restricting to task_ids=[4]
[info] using task orders [0, 1, 2, 3, 4, 5, 6, 7, 8, 9]
Built vec env | suite=libero_object | task_id=4 | n_envs=1
Creating LIBERO envs | suites=['libero_object'] | n_envs(per task)=1 | init_states=True
Restricting to task_ids=[4]
[info] using task orders [0, 1, 2, 3, 4, 5, 6, 7, 8, 9]
Built vec env | suite=libero_object | task_id=4 | n_envs=1
Creating LIBERO envs | suites=['libero_object'] | n_envs(per task)=1 | init_states=True
Restricting to task_ids=[5]
[info] using task orders [0, 1, 2, 3, 4, 5, 6, 7, 8, 9]
Built vec env | suite=libero_object | task_id=5 | n_envs=1
Creating LIBERO envs | suites=['libero_object'] | n_envs(per task)=1 | init_states=True
Restricting to task_ids=[5]
[info] using task orders [0, 1, 2, 3, 4, 5, 6, 7, 8, 9]
Built vec env | suite=libero_object | task_id=5 | n_envs=1
Creating LIBERO envs | suites=['libero_object'] | n_envs(per task)=1 | init_states=True
Restricting to task_ids=[5]
[info] using task orders [0, 1, 2, 3, 4, 5, 6, 7, 8, 9]
Built vec env | suite=libero_object | task_id=5 | n_envs=1
Creating LIBERO envs | suites=['libero_object'] | n_envs(per task)=1 | init_states=True
Restricting to task_ids=[5]
[info] using task orders [0, 1, 2, 3, 4, 5, 6, 7, 8, 9]
Built vec env | suite=libero_object | task_id=5 | n_envs=1
Creating LIBERO envs | suites=['libero_object'] | n_envs(per task)=1 | init_states=True
Restricting to task_ids=[5]
[info] using task orders [0, 1, 2, 3, 4, 5, 6, 7, 8, 9]
Built vec env | suite=libero_object | task_id=5 | n_envs=1
Creating LIBERO envs | suites=['libero_object'] | n_envs(per task)=1 | init_states=True
Restricting to task_ids=[5]
[info] using task orders [0, 1, 2, 3, 4, 5, 6, 7, 8, 9]
Built vec env | suite=libero_object | task_id=5 | n_envs=1
Creating LIBERO envs | suites=['libero_object'] | n_envs(per task)=1 | init_states=True
Restricting to task_ids=[5]
[info] using task orders [0, 1, 2, 3, 4, 5, 6, 7, 8, 9]
Built vec env | suite=libero_object | task_id=5 | n_envs=1
Creating LIBERO envs | suites=['libero_object'] | n_envs(per task)=1 | init_states=True
Restricting to task_ids=[5]
[info] using task orders [0, 1, 2, 3, 4, 5, 6, 7, 8, 9]
Built vec env | suite=libero_object | task_id=5 | n_envs=1
Creating LIBERO envs | suites=['libero_object'] | n_envs(per task)=1 | init_states=True
Restricting to task_ids=[5]
[info] using task orders [0, 1, 2, 3, 4, 5, 6, 7, 8, 9]
Built vec env | suite=libero_object | task_id=5 | n_envs=1
Creating LIBERO envs | suites=['libero_object'] | n_envs(per task)=1 | init_states=True
Restricting to task_ids=[5]
[info] using task orders [0, 1, 2, 3, 4, 5, 6, 7, 8, 9]
Built vec env | suite=libero_object | task_id=5 | n_envs=1
Creating LIBERO envs | suites=['libero_object'] | n_envs(per task)=1 | init_states=True
Restricting to task_ids=[5]
[info] using task orders [0, 1, 2, 3, 4, 5, 6, 7, 8, 9]
Built vec env | suite=libero_object | task_id=5 | n_envs=1
Creating LIBERO envs | suites=['libero_object'] | n_envs(per task)=1 | init_states=True
Restricting to task_ids=[5]
[info] using task orders [0, 1, 2, 3, 4, 5, 6, 7, 8, 9]
Built vec env | suite=libero_object | task_id=5 | n_envs=1
Creating LIBERO envs | suites=['libero_object'] | n_envs(per task)=1 | init_states=True
Restricting to task_ids=[5]
[info] using task orders [0, 1, 2, 3, 4, 5, 6, 7, 8, 9]
Built vec env | suite=libero_object | task_id=5 | n_envs=1
Creating LIBERO envs | suites=['libero_object'] | n_envs(per task)=1 | init_states=True
Restricting to task_ids=[5]
[info] using task orders [0, 1, 2, 3, 4, 5, 6, 7, 8, 9]
Built vec env | suite=libero_object | task_id=5 | n_envs=1
Creating LIBERO envs | suites=['libero_object'] | n_envs(per task)=1 | init_states=True
Restricting to task_ids=[5]
[info] using task orders [0, 1, 2, 3, 4, 5, 6, 7, 8, 9]
Built vec env | suite=libero_object | task_id=5 | n_envs=1
Creating LIBERO envs | suites=['libero_object'] | n_envs(per task)=1 | init_states=True
Restricting to task_ids=[5]
[info] using task orders [0, 1, 2, 3, 4, 5, 6, 7, 8, 9]
Built vec env | suite=libero_object | task_id=5 | n_envs=1
Creating LIBERO envs | suites=['libero_object'] | n_envs(per task)=1 | init_states=True
Restricting to task_ids=[5]
[info] using task orders [0, 1, 2, 3, 4, 5, 6, 7, 8, 9]
Built vec env | suite=libero_object | task_id=5 | n_envs=1
Creating LIBERO envs | suites=['libero_object'] | n_envs(per task)=1 | init_states=True
Restricting to task_ids=[5]
[info] using task orders [0, 1, 2, 3, 4, 5, 6, 7, 8, 9]
Built vec env | suite=libero_object | task_id=5 | n_envs=1
Creating LIBERO envs | suites=['libero_object'] | n_envs(per task)=1 | init_states=True
Restricting to task_ids=[5]
[info] using task orders [0, 1, 2, 3, 4, 5, 6, 7, 8, 9]
Built vec env | suite=libero_object | task_id=5 | n_envs=1
Creating LIBERO envs | suites=['libero_object'] | n_envs(per task)=1 | init_states=True
Restricting to task_ids=[5]
[info] using task orders [0, 1, 2, 3, 4, 5, 6, 7, 8, 9]
Built vec env | suite=libero_object | task_id=5 | n_envs=1
Creating LIBERO envs | suites=['libero_object'] | n_envs(per task)=1 | init_states=True
Restricting to task_ids=[6]
[info] using task orders [0, 1, 2, 3, 4, 5, 6, 7, 8, 9]
Built vec env | suite=libero_object | task_id=6 | n_envs=1
Creating LIBERO envs | suites=['libero_object'] | n_envs(per task)=1 | init_states=True
Restricting to task_ids=[6]
[info] using task orders [0, 1, 2, 3, 4, 5, 6, 7, 8, 9]
Built vec env | suite=libero_object | task_id=6 | n_envs=1
Creating LIBERO envs | suites=['libero_object'] | n_envs(per task)=1 | init_states=True
Restricting to task_ids=[6]
[info] using task orders [0, 1, 2, 3, 4, 5, 6, 7, 8, 9]
Built vec env | suite=libero_object | task_id=6 | n_envs=1
Creating LIBERO envs | suites=['libero_object'] | n_envs(per task)=1 | init_states=True
Restricting to task_ids=[6]
[info] using task orders [0, 1, 2, 3, 4, 5, 6, 7, 8, 9]
Built vec env | suite=libero_object | task_id=6 | n_envs=1
Creating LIBERO envs | suites=['libero_object'] | n_envs(per task)=1 | init_states=True
Restricting to task_ids=[6]
[info] using task orders [0, 1, 2, 3, 4, 5, 6, 7, 8, 9]
Built vec env | suite=libero_object | task_id=6 | n_envs=1
Creating LIBERO envs | suites=['libero_object'] | n_envs(per task)=1 | init_states=True
Restricting to task_ids=[6]
[info] using task orders [0, 1, 2, 3, 4, 5, 6, 7, 8, 9]
Built vec env | suite=libero_object | task_id=6 | n_envs=1
Creating LIBERO envs | suites=['libero_object'] | n_envs(per task)=1 | init_states=True
Restricting to task_ids=[6]
[info] using task orders [0, 1, 2, 3, 4, 5, 6, 7, 8, 9]
Built vec env | suite=libero_object | task_id=6 | n_envs=1
Creating LIBERO envs | suites=['libero_object'] | n_envs(per task)=1 | init_states=True
Restricting to task_ids=[6]
[info] using task orders [0, 1, 2, 3, 4, 5, 6, 7, 8, 9]
Built vec env | suite=libero_object | task_id=6 | n_envs=1
Creating LIBERO envs | suites=['libero_object'] | n_envs(per task)=1 | init_states=True
Restricting to task_ids=[6]
[info] using task orders [0, 1, 2, 3, 4, 5, 6, 7, 8, 9]
Built vec env | suite=libero_object | task_id=6 | n_envs=1
Creating LIBERO envs | suites=['libero_object'] | n_envs(per task)=1 | init_states=True
Restricting to task_ids=[6]
[info] using task orders [0, 1, 2, 3, 4, 5, 6, 7, 8, 9]
Built vec env | suite=libero_object | task_id=6 | n_envs=1
Creating LIBERO envs | suites=['libero_object'] | n_envs(per task)=1 | init_states=True
Restricting to task_ids=[6]
[info] using task orders [0, 1, 2, 3, 4, 5, 6, 7, 8, 9]
Built vec env | suite=libero_object | task_id=6 | n_envs=1
Creating LIBERO envs | suites=['libero_object'] | n_envs(per task)=1 | init_states=True
Restricting to task_ids=[6]
[info] using task orders [0, 1, 2, 3, 4, 5, 6, 7, 8, 9]
Built vec env | suite=libero_object | task_id=6 | n_envs=1
Creating LIBERO envs | suites=['libero_object'] | n_envs(per task)=1 | init_states=True
Restricting to task_ids=[6]
[info] using task orders [0, 1, 2, 3, 4, 5, 6, 7, 8, 9]
Built vec env | suite=libero_object | task_id=6 | n_envs=1
Creating LIBERO envs | suites=['libero_object'] | n_envs(per task)=1 | init_states=True
Restricting to task_ids=[6]
[info] using task orders [0, 1, 2, 3, 4, 5, 6, 7, 8, 9]
Built vec env | suite=libero_object | task_id=6 | n_envs=1
Creating LIBERO envs | suites=['libero_object'] | n_envs(per task)=1 | init_states=True
Restricting to task_ids=[6]
[info] using task orders [0, 1, 2, 3, 4, 5, 6, 7, 8, 9]
Built vec env | suite=libero_object | task_id=6 | n_envs=1
Creating LIBERO envs | suites=['libero_object'] | n_envs(per task)=1 | init_states=True
Restricting to task_ids=[6]
[info] using task orders [0, 1, 2, 3, 4, 5, 6, 7, 8, 9]
Built vec env | suite=libero_object | task_id=6 | n_envs=1
Creating LIBERO envs | suites=['libero_object'] | n_envs(per task)=1 | init_states=True
Restricting to task_ids=[7]
[info] using task orders [0, 1, 2, 3, 4, 5, 6, 7, 8, 9]
Built vec env | suite=libero_object | task_id=7 | n_envs=1
Creating LIBERO envs | suites=['libero_object'] | n_envs(per task)=1 | init_states=True
Restricting to task_ids=[7]
[info] using task orders [0, 1, 2, 3, 4, 5, 6, 7, 8, 9]
Built vec env | suite=libero_object | task_id=7 | n_envs=1
Creating LIBERO envs | suites=['libero_object'] | n_envs(per task)=1 | init_states=True
Restricting to task_ids=[7]
[info] using task orders [0, 1, 2, 3, 4, 5, 6, 7, 8, 9]
Built vec env | suite=libero_object | task_id=7 | n_envs=1
Creating LIBERO envs | suites=['libero_object'] | n_envs(per task)=1 | init_states=True
Restricting to task_ids=[7]
[info] using task orders [0, 1, 2, 3, 4, 5, 6, 7, 8, 9]
Built vec env | suite=libero_object | task_id=7 | n_envs=1
Creating LIBERO envs | suites=['libero_object'] | n_envs(per task)=1 | init_states=True
Restricting to task_ids=[7]
[info] using task orders [0, 1, 2, 3, 4, 5, 6, 7, 8, 9]
Built vec env | suite=libero_object | task_id=7 | n_envs=1
Creating LIBERO envs | suites=['libero_object'] | n_envs(per task)=1 | init_states=True
Restricting to task_ids=[7]
[info] using task orders [0, 1, 2, 3, 4, 5, 6, 7, 8, 9]
Built vec env | suite=libero_object | task_id=7 | n_envs=1
Creating LIBERO envs | suites=['libero_object'] | n_envs(per task)=1 | init_states=True
Restricting to task_ids=[7]
[info] using task orders [0, 1, 2, 3, 4, 5, 6, 7, 8, 9]
Built vec env | suite=libero_object | task_id=7 | n_envs=1
Creating LIBERO envs | suites=['libero_object'] | n_envs(per task)=1 | init_states=True
Restricting to task_ids=[7]
[info] using task orders [0, 1, 2, 3, 4, 5, 6, 7, 8, 9]
Built vec env | suite=libero_object | task_id=7 | n_envs=1
Creating LIBERO envs | suites=['libero_object'] | n_envs(per task)=1 | init_states=True
Restricting to task_ids=[7]
[info] using task orders [0, 1, 2, 3, 4, 5, 6, 7, 8, 9]
Built vec env | suite=libero_object | task_id=7 | n_envs=1
Creating LIBERO envs | suites=['libero_object'] | n_envs(per task)=1 | init_states=True
Restricting to task_ids=[7]
[info] using task orders [0, 1, 2, 3, 4, 5, 6, 7, 8, 9]
Built vec env | suite=libero_object | task_id=7 | n_envs=1
Creating LIBERO envs | suites=['libero_object'] | n_envs(per task)=1 | init_states=True
Restricting to task_ids=[7]
[info] using task orders [0, 1, 2, 3, 4, 5, 6, 7, 8, 9]
Built vec env | suite=libero_object | task_id=7 | n_envs=1
Creating LIBERO envs | suites=['libero_object'] | n_envs(per task)=1 | init_states=True
Restricting to task_ids=[7]
[info] using task orders [0, 1, 2, 3, 4, 5, 6, 7, 8, 9]
Built vec env | suite=libero_object | task_id=7 | n_envs=1
Creating LIBERO envs | suites=['libero_object'] | n_envs(per task)=1 | init_states=True
Restricting to task_ids=[7]
[info] using task orders [0, 1, 2, 3, 4, 5, 6, 7, 8, 9]
Built vec env | suite=libero_object | task_id=7 | n_envs=1
Creating LIBERO envs | suites=['libero_object'] | n_envs(per task)=1 | init_states=True
Restricting to task_ids=[7]
[info] using task orders [0, 1, 2, 3, 4, 5, 6, 7, 8, 9]
Built vec env | suite=libero_object | task_id=7 | n_envs=1
Creating LIBERO envs | suites=['libero_object'] | n_envs(per task)=1 | init_states=True
Restricting to task_ids=[7]
[info] using task orders [0, 1, 2, 3, 4, 5, 6, 7, 8, 9]
Built vec env | suite=libero_object | task_id=7 | n_envs=1
Creating LIBERO envs | suites=['libero_object'] | n_envs(per task)=1 | init_states=True
Restricting to task_ids=[7]
[info] using task orders [0, 1, 2, 3, 4, 5, 6, 7, 8, 9]
Built vec env | suite=libero_object | task_id=7 | n_envs=1
Creating LIBERO envs | suites=['libero_object'] | n_envs(per task)=1 | init_states=True
Restricting to task_ids=[7]
[info] using task orders [0, 1, 2, 3, 4, 5, 6, 7, 8, 9]
Built vec env | suite=libero_object | task_id=7 | n_envs=1
Creating LIBERO envs | suites=['libero_object'] | n_envs(per task)=1 | init_states=True
Restricting to task_ids=[7]
[info] using task orders [0, 1, 2, 3, 4, 5, 6, 7, 8, 9]
Built vec env | suite=libero_object | task_id=7 | n_envs=1
Creating LIBERO envs | suites=['libero_object'] | n_envs(per task)=1 | init_states=True
Restricting to task_ids=[7]
[info] using task orders [0, 1, 2, 3, 4, 5, 6, 7, 8, 9]
Built vec env | suite=libero_object | task_id=7 | n_envs=1
Creating LIBERO envs | suites=['libero_object'] | n_envs(per task)=1 | init_states=True
Restricting to task_ids=[7]
[info] using task orders [0, 1, 2, 3, 4, 5, 6, 7, 8, 9]
Built vec env | suite=libero_object | task_id=7 | n_envs=1
Creating LIBERO envs | suites=['libero_object'] | n_envs(per task)=1 | init_states=True
Restricting to task_ids=[7]
[info] using task orders [0, 1, 2, 3, 4, 5, 6, 7, 8, 9]
Built vec env | suite=libero_object | task_id=7 | n_envs=1
Creating LIBERO envs | suites=['libero_object'] | n_envs(per task)=1 | init_states=True
Restricting to task_ids=[7]
[info] using task orders [0, 1, 2, 3, 4, 5, 6, 7, 8, 9]
Built vec env | suite=libero_object | task_id=7 | n_envs=1
Creating LIBERO envs | suites=['libero_object'] | n_envs(per task)=1 | init_states=True
Restricting to task_ids=[7]
[info] using task orders [0, 1, 2, 3, 4, 5, 6, 7, 8, 9]
Built vec env | suite=libero_object | task_id=7 | n_envs=1
Creating LIBERO envs | suites=['libero_object'] | n_envs(per task)=1 | init_states=True
Restricting to task_ids=[7]
[info] using task orders [0, 1, 2, 3, 4, 5, 6, 7, 8, 9]
Built vec env | suite=libero_object | task_id=7 | n_envs=1
Creating LIBERO envs | suites=['libero_object'] | n_envs(per task)=1 | init_states=True
Restricting to task_ids=[8]
[info] using task orders [0, 1, 2, 3, 4, 5, 6, 7, 8, 9]
Built vec env | suite=libero_object | task_id=8 | n_envs=1
Creating LIBERO envs | suites=['libero_object'] | n_envs(per task)=1 | init_states=True
Restricting to task_ids=[8]
[info] using task orders [0, 1, 2, 3, 4, 5, 6, 7, 8, 9]
Built vec env | suite=libero_object | task_id=8 | n_envs=1
Creating LIBERO envs | suites=['libero_object'] | n_envs(per task)=1 | init_states=True
Restricting to task_ids=[8]
[info] using task orders [0, 1, 2, 3, 4, 5, 6, 7, 8, 9]
Built vec env | suite=libero_object | task_id=8 | n_envs=1
Creating LIBERO envs | suites=['libero_object'] | n_envs(per task)=1 | init_states=True
Restricting to task_ids=[8]
[info] using task orders [0, 1, 2, 3, 4, 5, 6, 7, 8, 9]
Built vec env | suite=libero_object | task_id=8 | n_envs=1
Creating LIBERO envs | suites=['libero_object'] | n_envs(per task)=1 | init_states=True
Restricting to task_ids=[8]
[info] using task orders [0, 1, 2, 3, 4, 5, 6, 7, 8, 9]
Built vec env | suite=libero_object | task_id=8 | n_envs=1
Creating LIBERO envs | suites=['libero_object'] | n_envs(per task)=1 | init_states=True
Restricting to task_ids=[8]
[info] using task orders [0, 1, 2, 3, 4, 5, 6, 7, 8, 9]
Built vec env | suite=libero_object | task_id=8 | n_envs=1
Creating LIBERO envs | suites=['libero_object'] | n_envs(per task)=1 | init_states=True
Restricting to task_ids=[8]
[info] using task orders [0, 1, 2, 3, 4, 5, 6, 7, 8, 9]
Built vec env | suite=libero_object | task_id=8 | n_envs=1
Creating LIBERO envs | suites=['libero_object'] | n_envs(per task)=1 | init_states=True
Restricting to task_ids=[8]
[info] using task orders [0, 1, 2, 3, 4, 5, 6, 7, 8, 9]
Built vec env | suite=libero_object | task_id=8 | n_envs=1
Creating LIBERO envs | suites=['libero_object'] | n_envs(per task)=1 | init_states=True
Restricting to task_ids=[8]
[info] using task orders [0, 1, 2, 3, 4, 5, 6, 7, 8, 9]
Built vec env | suite=libero_object | task_id=8 | n_envs=1
Creating LIBERO envs | suites=['libero_object'] | n_envs(per task)=1 | init_states=True
Restricting to task_ids=[8]
[info] using task orders [0, 1, 2, 3, 4, 5, 6, 7, 8, 9]
Built vec env | suite=libero_object | task_id=8 | n_envs=1
Creating LIBERO envs | suites=['libero_object'] | n_envs(per task)=1 | init_states=True
Restricting to task_ids=[8]
[info] using task orders [0, 1, 2, 3, 4, 5, 6, 7, 8, 9]
Built vec env | suite=libero_object | task_id=8 | n_envs=1
Creating LIBERO envs | suites=['libero_object'] | n_envs(per task)=1 | init_states=True
Restricting to task_ids=[8]
[info] using task orders [0, 1, 2, 3, 4, 5, 6, 7, 8, 9]
Built vec env | suite=libero_object | task_id=8 | n_envs=1
Creating LIBERO envs | suites=['libero_object'] | n_envs(per task)=1 | init_states=True
Restricting to task_ids=[8]
[info] using task orders [0, 1, 2, 3, 4, 5, 6, 7, 8, 9]
Built vec env | suite=libero_object | task_id=8 | n_envs=1
Creating LIBERO envs | suites=['libero_object'] | n_envs(per task)=1 | init_states=True
Restricting to task_ids=[8]
[info] using task orders [0, 1, 2, 3, 4, 5, 6, 7, 8, 9]
Built vec env | suite=libero_object | task_id=8 | n_envs=1
Creating LIBERO envs | suites=['libero_object'] | n_envs(per task)=1 | init_states=True
Restricting to task_ids=[8]
[info] using task orders [0, 1, 2, 3, 4, 5, 6, 7, 8, 9]
Built vec env | suite=libero_object | task_id=8 | n_envs=1
Creating LIBERO envs | suites=['libero_object'] | n_envs(per task)=1 | init_states=True
Restricting to task_ids=[8]
[info] using task orders [0, 1, 2, 3, 4, 5, 6, 7, 8, 9]
Built vec env | suite=libero_object | task_id=8 | n_envs=1
Creating LIBERO envs | suites=['libero_object'] | n_envs(per task)=1 | init_states=True
Restricting to task_ids=[8]
[info] using task orders [0, 1, 2, 3, 4, 5, 6, 7, 8, 9]
Built vec env | suite=libero_object | task_id=8 | n_envs=1
Creating LIBERO envs | suites=['libero_object'] | n_envs(per task)=1 | init_states=True
Restricting to task_ids=[8]
[info] using task orders [0, 1, 2, 3, 4, 5, 6, 7, 8, 9]
Built vec env | suite=libero_object | task_id=8 | n_envs=1
Creating LIBERO envs | suites=['libero_object'] | n_envs(per task)=1 | init_states=True
Restricting to task_ids=[8]
[info] using task orders [0, 1, 2, 3, 4, 5, 6, 7, 8, 9]
Built vec env | suite=libero_object | task_id=8 | n_envs=1
Creating LIBERO envs | suites=['libero_object'] | n_envs(per task)=1 | init_states=True
Restricting to task_ids=[8]
[info] using task orders [0, 1, 2, 3, 4, 5, 6, 7, 8, 9]
Built vec env | suite=libero_object | task_id=8 | n_envs=1
Creating LIBERO envs | suites=['libero_object'] | n_envs(per task)=1 | init_states=True
Restricting to task_ids=[9]
[info] using task orders [0, 1, 2, 3, 4, 5, 6, 7, 8, 9]
Built vec env | suite=libero_object | task_id=9 | n_envs=1
Creating LIBERO envs | suites=['libero_object'] | n_envs(per task)=1 | init_states=True
Restricting to task_ids=[9]
[info] using task orders [0, 1, 2, 3, 4, 5, 6, 7, 8, 9]
Built vec env | suite=libero_object | task_id=9 | n_envs=1
Creating LIBERO envs | suites=['libero_object'] | n_envs(per task)=1 | init_states=True
Restricting to task_ids=[9]
[info] using task orders [0, 1, 2, 3, 4, 5, 6, 7, 8, 9]
Built vec env | suite=libero_object | task_id=9 | n_envs=1
Creating LIBERO envs | suites=['libero_object'] | n_envs(per task)=1 | init_states=True
Restricting to task_ids=[9]
[info] using task orders [0, 1, 2, 3, 4, 5, 6, 7, 8, 9]
Built vec env | suite=libero_object | task_id=9 | n_envs=1
Creating LIBERO envs | suites=['libero_object'] | n_envs(per task)=1 | init_states=True
Restricting to task_ids=[9]
[info] using task orders [0, 1, 2, 3, 4, 5, 6, 7, 8, 9]
Built vec env | suite=libero_object | task_id=9 | n_envs=1
Creating LIBERO envs | suites=['libero_object'] | n_envs(per task)=1 | init_states=True
Restricting to task_ids=[9]
[info] using task orders [0, 1, 2, 3, 4, 5, 6, 7, 8, 9]
Built vec env | suite=libero_object | task_id=9 | n_envs=1
Creating LIBERO envs | suites=['libero_object'] | n_envs(per task)=1 | init_states=True
Restricting to task_ids=[9]
[info] using task orders [0, 1, 2, 3, 4, 5, 6, 7, 8, 9]
Built vec env | suite=libero_object | task_id=9 | n_envs=1
Creating LIBERO envs | suites=['libero_object'] | n_envs(per task)=1 | init_states=True
Restricting to task_ids=[9]
[info] using task orders [0, 1, 2, 3, 4, 5, 6, 7, 8, 9]
Built vec env | suite=libero_object | task_id=9 | n_envs=1
Creating LIBERO envs | suites=['libero_object'] | n_envs(per task)=1 | init_states=True
Restricting to task_ids=[9]
[info] using task orders [0, 1, 2, 3, 4, 5, 6, 7, 8, 9]
Built vec env | suite=libero_object | task_id=9 | n_envs=1
Creating LIBERO envs | suites=['libero_object'] | n_envs(per task)=1 | init_states=True
Restricting to task_ids=[9]
[info] using task orders [0, 1, 2, 3, 4, 5, 6, 7, 8, 9]
Built vec env | suite=libero_object | task_id=9 | n_envs=1
Creating LIBERO envs | suites=['libero_object'] | n_envs(per task)=1 | init_states=True
Restricting to task_ids=[9]
[info] using task orders [0, 1, 2, 3, 4, 5, 6, 7, 8, 9]
Built vec env | suite=libero_object | task_id=9 | n_envs=1
Creating LIBERO envs | suites=['libero_object'] | n_envs(per task)=1 | init_states=True
Restricting to task_ids=[9]
[info] using task orders [0, 1, 2, 3, 4, 5, 6, 7, 8, 9]
Built vec env | suite=libero_object | task_id=9 | n_envs=1
Creating LIBERO envs | suites=['libero_object'] | n_envs(per task)=1 | init_states=True
Restricting to task_ids=[9]
[info] using task orders [0, 1, 2, 3, 4, 5, 6, 7, 8, 9]
Built vec env | suite=libero_object | task_id=9 | n_envs=1
Creating LIBERO envs | suites=['libero_object'] | n_envs(per task)=1 | init_states=True
Restricting to task_ids=[9]
[info] using task orders [0, 1, 2, 3, 4, 5, 6, 7, 8, 9]
Built vec env | suite=libero_object | task_id=9 | n_envs=1
Creating LIBERO envs | suites=['libero_object'] | n_envs(per task)=1 | init_states=True
Restricting to task_ids=[9]
[info] using task orders [0, 1, 2, 3, 4, 5, 6, 7, 8, 9]
Built vec env | suite=libero_object | task_id=9 | n_envs=1
Creating LIBERO envs | suites=['libero_object'] | n_envs(per task)=1 | init_states=True
Restricting to task_ids=[9]
[info] using task orders [0, 1, 2, 3, 4, 5, 6, 7, 8, 9]
Built vec env | suite=libero_object | task_id=9 | n_envs=1
Creating LIBERO envs | suites=['libero_object'] | n_envs(per task)=1 | init_states=True
Restricting to task_ids=[9]
[info] using task orders [0, 1, 2, 3, 4, 5, 6, 7, 8, 9]
Built vec env | suite=libero_object | task_id=9 | n_envs=1
Creating LIBERO envs | suites=['libero_object'] | n_envs(per task)=1 | init_states=True
Restricting to task_ids=[9]
[info] using task orders [0, 1, 2, 3, 4, 5, 6, 7, 8, 9]
Built vec env | suite=libero_object | task_id=9 | n_envs=1
Creating LIBERO envs | suites=['libero_object'] | n_envs(per task)=1 | init_states=True
Restricting to task_ids=[9]
[info] using task orders [0, 1, 2, 3, 4, 5, 6, 7, 8, 9]
Built vec env | suite=libero_object | task_id=9 | n_envs=1
Creating LIBERO envs | suites=['libero_object'] | n_envs(per task)=1 | init_states=True
Restricting to task_ids=[9]
[info] using task orders [0, 1, 2, 3, 4, 5, 6, 7, 8, 9]
Built vec env | suite=libero_object | task_id=9 | n_envs=1
Loading  HuggingFaceTB/SmolVLM2-500M-Instruct weights ...
Loading weights from local directory
Creating LIBERO envs | suites=['libero_10'] | n_envs(per task)=1 | init_states=True
Restricting to task_ids=[0]
[info] using task orders [0, 1, 2, 3, 4, 5, 6, 7, 8, 9]
Built vec env | suite=libero_10 | task_id=0 | n_envs=1
Creating LIBERO envs | suites=['libero_10'] | n_envs(per task)=1 | init_states=True
Restricting to task_ids=[0]
[info] using task orders [0, 1, 2, 3, 4, 5, 6, 7, 8, 9]
Built vec env | suite=libero_10 | task_id=0 | n_envs=1
Creating LIBERO envs | suites=['libero_10'] | n_envs(per task)=1 | init_states=True
Restricting to task_ids=[1]
[info] using task orders [0, 1, 2, 3, 4, 5, 6, 7, 8, 9]
Built vec env | suite=libero_10 | task_id=1 | n_envs=1
Creating LIBERO envs | suites=['libero_10'] | n_envs(per task)=1 | init_states=True
Restricting to task_ids=[1]
[info] using task orders [0, 1, 2, 3, 4, 5, 6, 7, 8, 9]
Built vec env | suite=libero_10 | task_id=1 | n_envs=1
Creating LIBERO envs | suites=['libero_10'] | n_envs(per task)=1 | init_states=True
Restricting to task_ids=[1]
[info] using task orders [0, 1, 2, 3, 4, 5, 6, 7, 8, 9]
Built vec env | suite=libero_10 | task_id=1 | n_envs=1
Creating LIBERO envs | suites=['libero_10'] | n_envs(per task)=1 | init_states=True
Restricting to task_ids=[1]
[info] using task orders [0, 1, 2, 3, 4, 5, 6, 7, 8, 9]
Built vec env | suite=libero_10 | task_id=1 | n_envs=1
Creating LIBERO envs | suites=['libero_10'] | n_envs(per task)=1 | init_states=True
Restricting to task_ids=[2]
[info] using task orders [0, 1, 2, 3, 4, 5, 6, 7, 8, 9]
Built vec env | suite=libero_10 | task_id=2 | n_envs=1
Creating LIBERO envs | suites=['libero_10'] | n_envs(per task)=1 | init_states=True
Restricting to task_ids=[2]
[info] using task orders [0, 1, 2, 3, 4, 5, 6, 7, 8, 9]
Built vec env | suite=libero_10 | task_id=2 | n_envs=1
Creating LIBERO envs | suites=['libero_10'] | n_envs(per task)=1 | init_states=True
Restricting to task_ids=[3]
[info] using task orders [0, 1, 2, 3, 4, 5, 6, 7, 8, 9]
Built vec env | suite=libero_10 | task_id=3 | n_envs=1
Creating LIBERO envs | suites=['libero_10'] | n_envs(per task)=1 | init_states=True
Restricting to task_ids=[3]
[info] using task orders [0, 1, 2, 3, 4, 5, 6, 7, 8, 9]
Built vec env | suite=libero_10 | task_id=3 | n_envs=1
Creating LIBERO envs | suites=['libero_10'] | n_envs(per task)=1 | init_states=True
Restricting to task_ids=[4]
[info] using task orders [0, 1, 2, 3, 4, 5, 6, 7, 8, 9]
Built vec env | suite=libero_10 | task_id=4 | n_envs=1
Creating LIBERO envs | suites=['libero_10'] | n_envs(per task)=1 | init_states=True
Restricting to task_ids=[4]
[info] using task orders [0, 1, 2, 3, 4, 5, 6, 7, 8, 9]
Built vec env | suite=libero_10 | task_id=4 | n_envs=1
Creating LIBERO envs | suites=['libero_10'] | n_envs(per task)=1 | init_states=True
Restricting to task_ids=[4]
[info] using task orders [0, 1, 2, 3, 4, 5, 6, 7, 8, 9]
Built vec env | suite=libero_10 | task_id=4 | n_envs=1
Creating LIBERO envs | suites=['libero_10'] | n_envs(per task)=1 | init_states=True
Restricting to task_ids=[4]
[info] using task orders [0, 1, 2, 3, 4, 5, 6, 7, 8, 9]
Built vec env | suite=libero_10 | task_id=4 | n_envs=1
Creating LIBERO envs | suites=['libero_10'] | n_envs(per task)=1 | init_states=True
Restricting to task_ids=[5]
[info] using task orders [0, 1, 2, 3, 4, 5, 6, 7, 8, 9]
Built vec env | suite=libero_10 | task_id=5 | n_envs=1
Creating LIBERO envs | suites=['libero_10'] | n_envs(per task)=1 | init_states=True
Restricting to task_ids=[5]
[info] using task orders [0, 1, 2, 3, 4, 5, 6, 7, 8, 9]
Built vec env | suite=libero_10 | task_id=5 | n_envs=1
Creating LIBERO envs | suites=['libero_10'] | n_envs(per task)=1 | init_states=True
Restricting to task_ids=[6]
[info] using task orders [0, 1, 2, 3, 4, 5, 6, 7, 8, 9]
Built vec env | suite=libero_10 | task_id=6 | n_envs=1
Creating LIBERO envs | suites=['libero_10'] | n_envs(per task)=1 | init_states=True
Restricting to task_ids=[6]
[info] using task orders [0, 1, 2, 3, 4, 5, 6, 7, 8, 9]
Built vec env | suite=libero_10 | task_id=6 | n_envs=1
Creating LIBERO envs | suites=['libero_10'] | n_envs(per task)=1 | init_states=True
Restricting to task_ids=[7]
[info] using task orders [0, 1, 2, 3, 4, 5, 6, 7, 8, 9]
Built vec env | suite=libero_10 | task_id=7 | n_envs=1
Creating LIBERO envs | suites=['libero_10'] | n_envs(per task)=1 | init_states=True
Restricting to task_ids=[7]
[info] using task orders [0, 1, 2, 3, 4, 5, 6, 7, 8, 9]
Built vec env | suite=libero_10 | task_id=7 | n_envs=1
Creating LIBERO envs | suites=['libero_10'] | n_envs(per task)=1 | init_states=True
Restricting to task_ids=[7]
[info] using task orders [0, 1, 2, 3, 4, 5, 6, 7, 8, 9]
Built vec env | suite=libero_10 | task_id=7 | n_envs=1
Creating LIBERO envs | suites=['libero_10'] | n_envs(per task)=1 | init_states=True
Restricting to task_ids=[7]
[info] using task orders [0, 1, 2, 3, 4, 5, 6, 7, 8, 9]
Built vec env | suite=libero_10 | task_id=7 | n_envs=1
Creating LIBERO envs | suites=['libero_10'] | n_envs(per task)=1 | init_states=True
Restricting to task_ids=[8]
[info] using task orders [0, 1, 2, 3, 4, 5, 6, 7, 8, 9]
Built vec env | suite=libero_10 | task_id=8 | n_envs=1
Creating LIBERO envs | suites=['libero_10'] | n_envs(per task)=1 | init_states=True
Restricting to task_ids=[8]
[info] using task orders [0, 1, 2, 3, 4, 5, 6, 7, 8, 9]
Built vec env | suite=libero_10 | task_id=8 | n_envs=1
Creating LIBERO envs | suites=['libero_10'] | n_envs(per task)=1 | init_states=True
Restricting to task_ids=[9]
[info] using task orders [0, 1, 2, 3, 4, 5, 6, 7, 8, 9]
Built vec env | suite=libero_10 | task_id=9 | n_envs=1
Creating LIBERO envs | suites=['libero_10'] | n_envs(per task)=1 | init_states=True
Restricting to task_ids=[9]
[info] using task orders [0, 1, 2, 3, 4, 5, 6, 7, 8, 9]
Built vec env | suite=libero_10 | task_id=9 | n_envs=1
Creating LIBERO envs | suites=['libero_goal'] | n_envs(per task)=1 | init_states=True
Restricting to task_ids=[0]
[info] using task orders [0, 1, 2, 3, 4, 5, 6, 7, 8, 9]
Built vec env | suite=libero_goal | task_id=0 | n_envs=1
Creating LIBERO envs | suites=['libero_goal'] | n_envs(per task)=1 | init_states=True
Restricting to task_ids=[0]
[info] using task orders [0, 1, 2, 3, 4, 5, 6, 7, 8, 9]
Built vec env | suite=libero_goal | task_id=0 | n_envs=1
Creating LIBERO envs | suites=['libero_goal'] | n_envs(per task)=1 | init_states=True
Restricting to task_ids=[0]
[info] using task orders [0, 1, 2, 3, 4, 5, 6, 7, 8, 9]
Built vec env | suite=libero_goal | task_id=0 | n_envs=1
Creating LIBERO envs | suites=['libero_goal'] | n_envs(per task)=1 | init_states=True
Restricting to task_ids=[0]
[info] using task orders [0, 1, 2, 3, 4, 5, 6, 7, 8, 9]
Built vec env | suite=libero_goal | task_id=0 | n_envs=1
Creating LIBERO envs | suites=['libero_goal'] | n_envs(per task)=1 | init_states=True
Restricting to task_ids=[1]
[info] using task orders [0, 1, 2, 3, 4, 5, 6, 7, 8, 9]
Built vec env | suite=libero_goal | task_id=1 | n_envs=1
Creating LIBERO envs | suites=['libero_goal'] | n_envs(per task)=1 | init_states=True
Restricting to task_ids=[1]
[info] using task orders [0, 1, 2, 3, 4, 5, 6, 7, 8, 9]
Built vec env | suite=libero_goal | task_id=1 | n_envs=1
Creating LIBERO envs | suites=['libero_goal'] | n_envs(per task)=1 | init_states=True
Restricting to task_ids=[2]
[info] using task orders [0, 1, 2, 3, 4, 5, 6, 7, 8, 9]
Built vec env | suite=libero_goal | task_id=2 | n_envs=1
Creating LIBERO envs | suites=['libero_goal'] | n_envs(per task)=1 | init_states=True
Restricting to task_ids=[2]
[info] using task orders [0, 1, 2, 3, 4, 5, 6, 7, 8, 9]
Built vec env | suite=libero_goal | task_id=2 | n_envs=1
Creating LIBERO envs | suites=['libero_goal'] | n_envs(per task)=1 | init_states=True
Restricting to task_ids=[3]
[info] using task orders [0, 1, 2, 3, 4, 5, 6, 7, 8, 9]
Built vec env | suite=libero_goal | task_id=3 | n_envs=1
Creating LIBERO envs | suites=['libero_goal'] | n_envs(per task)=1 | init_states=True
Restricting to task_ids=[3]
[info] using task orders [0, 1, 2, 3, 4, 5, 6, 7, 8, 9]
Built vec env | suite=libero_goal | task_id=3 | n_envs=1
Creating LIBERO envs | suites=['libero_goal'] | n_envs(per task)=1 | init_states=True
Restricting to task_ids=[3]
[info] using task orders [0, 1, 2, 3, 4, 5, 6, 7, 8, 9]
Built vec env | suite=libero_goal | task_id=3 | n_envs=1
Creating LIBERO envs | suites=['libero_goal'] | n_envs(per task)=1 | init_states=True
Restricting to task_ids=[3]
[info] using task orders [0, 1, 2, 3, 4, 5, 6, 7, 8, 9]
Built vec env | suite=libero_goal | task_id=3 | n_envs=1
Creating LIBERO envs | suites=['libero_goal'] | n_envs(per task)=1 | init_states=True
Restricting to task_ids=[4]
[info] using task orders [0, 1, 2, 3, 4, 5, 6, 7, 8, 9]
Built vec env | suite=libero_goal | task_id=4 | n_envs=1
Creating LIBERO envs | suites=['libero_goal'] | n_envs(per task)=1 | init_states=True
Restricting to task_ids=[4]
[info] using task orders [0, 1, 2, 3, 4, 5, 6, 7, 8, 9]
Built vec env | suite=libero_goal | task_id=4 | n_envs=1
Creating LIBERO envs | suites=['libero_goal'] | n_envs(per task)=1 | init_states=True
Restricting to task_ids=[5]
[info] using task orders [0, 1, 2, 3, 4, 5, 6, 7, 8, 9]
Built vec env | suite=libero_goal | task_id=5 | n_envs=1
Creating LIBERO envs | suites=['libero_goal'] | n_envs(per task)=1 | init_states=True
Restricting to task_ids=[5]
[info] using task orders [0, 1, 2, 3, 4, 5, 6, 7, 8, 9]
Built vec env | suite=libero_goal | task_id=5 | n_envs=1
Creating LIBERO envs | suites=['libero_goal'] | n_envs(per task)=1 | init_states=True
Restricting to task_ids=[6]
[info] using task orders [0, 1, 2, 3, 4, 5, 6, 7, 8, 9]
Built vec env | suite=libero_goal | task_id=6 | n_envs=1
Creating LIBERO envs | suites=['libero_goal'] | n_envs(per task)=1 | init_states=True
Restricting to task_ids=[6]
[info] using task orders [0, 1, 2, 3, 4, 5, 6, 7, 8, 9]
Built vec env | suite=libero_goal | task_id=6 | n_envs=1
Creating LIBERO envs | suites=['libero_goal'] | n_envs(per task)=1 | init_states=True
Restricting to task_ids=[6]
[info] using task orders [0, 1, 2, 3, 4, 5, 6, 7, 8, 9]
Built vec env | suite=libero_goal | task_id=6 | n_envs=1
Creating LIBERO envs | suites=['libero_goal'] | n_envs(per task)=1 | init_states=True
Restricting to task_ids=[6]
[info] using task orders [0, 1, 2, 3, 4, 5, 6, 7, 8, 9]
Built vec env | suite=libero_goal | task_id=6 | n_envs=1
Creating LIBERO envs | suites=['libero_goal'] | n_envs(per task)=1 | init_states=True
Restricting to task_ids=[7]
[info] using task orders [0, 1, 2, 3, 4, 5, 6, 7, 8, 9]
Built vec env | suite=libero_goal | task_id=7 | n_envs=1
Creating LIBERO envs | suites=['libero_goal'] | n_envs(per task)=1 | init_states=True
Restricting to task_ids=[7]
[info] using task orders [0, 1, 2, 3, 4, 5, 6, 7, 8, 9]
Built vec env | suite=libero_goal | task_id=7 | n_envs=1
Creating LIBERO envs | suites=['libero_goal'] | n_envs(per task)=1 | init_states=True
Restricting to task_ids=[8]
[info] using task orders [0, 1, 2, 3, 4, 5, 6, 7, 8, 9]
Built vec env | suite=libero_goal | task_id=8 | n_envs=1
Creating LIBERO envs | suites=['libero_goal'] | n_envs(per task)=1 | init_states=True
Restricting to task_ids=[8]
[info] using task orders [0, 1, 2, 3, 4, 5, 6, 7, 8, 9]
Built vec env | suite=libero_goal | task_id=8 | n_envs=1
Creating LIBERO envs | suites=['libero_goal'] | n_envs(per task)=1 | init_states=True
Restricting to task_ids=[9]
[info] using task orders [0, 1, 2, 3, 4, 5, 6, 7, 8, 9]
Built vec env | suite=libero_goal | task_id=9 | n_envs=1
Creating LIBERO envs | suites=['libero_goal'] | n_envs(per task)=1 | init_states=True
Restricting to task_ids=[9]
[info] using task orders [0, 1, 2, 3, 4, 5, 6, 7, 8, 9]
Built vec env | suite=libero_goal | task_id=9 | n_envs=1
Creating LIBERO envs | suites=['libero_goal'] | n_envs(per task)=1 | init_states=True
Restricting to task_ids=[9]
[info] using task orders [0, 1, 2, 3, 4, 5, 6, 7, 8, 9]
Built vec env | suite=libero_goal | task_id=9 | n_envs=1
Creating LIBERO envs | suites=['libero_goal'] | n_envs(per task)=1 | init_states=True
Restricting to task_ids=[9]
[info] using task orders [0, 1, 2, 3, 4, 5, 6, 7, 8, 9]
Built vec env | suite=libero_goal | task_id=9 | n_envs=1
Creating LIBERO envs | suites=['libero_object'] | n_envs(per task)=1 | init_states=True
Restricting to task_ids=[0]
[info] using task orders [0, 1, 2, 3, 4, 5, 6, 7, 8, 9]
Built vec env | suite=libero_object | task_id=0 | n_envs=1
Creating LIBERO envs | suites=['libero_object'] | n_envs(per task)=1 | init_states=True
Restricting to task_ids=[0]
[info] using task orders [0, 1, 2, 3, 4, 5, 6, 7, 8, 9]
Built vec env | suite=libero_object | task_id=0 | n_envs=1
Creating LIBERO envs | suites=['libero_object'] | n_envs(per task)=1 | init_states=True
Restricting to task_ids=[1]
[info] using task orders [0, 1, 2, 3, 4, 5, 6, 7, 8, 9]
Built vec env | suite=libero_object | task_id=1 | n_envs=1
Creating LIBERO envs | suites=['libero_object'] | n_envs(per task)=1 | init_states=True
Restricting to task_ids=[1]
[info] using task orders [0, 1, 2, 3, 4, 5, 6, 7, 8, 9]
Built vec env | suite=libero_object | task_id=1 | n_envs=1
Creating LIBERO envs | suites=['libero_object'] | n_envs(per task)=1 | init_states=True
Restricting to task_ids=[2]
[info] using task orders [0, 1, 2, 3, 4, 5, 6, 7, 8, 9]
Built vec env | suite=libero_object | task_id=2 | n_envs=1
Creating LIBERO envs | suites=['libero_object'] | n_envs(per task)=1 | init_states=True
Restricting to task_ids=[2]
[info] using task orders [0, 1, 2, 3, 4, 5, 6, 7, 8, 9]
Built vec env | suite=libero_object | task_id=2 | n_envs=1
Creating LIBERO envs | suites=['libero_object'] | n_envs(per task)=1 | init_states=True
Restricting to task_ids=[2]
[info] using task orders [0, 1, 2, 3, 4, 5, 6, 7, 8, 9]
Built vec env | suite=libero_object | task_id=2 | n_envs=1
Creating LIBERO envs | suites=['libero_object'] | n_envs(per task)=1 | init_states=True
Restricting to task_ids=[2]
[info] using task orders [0, 1, 2, 3, 4, 5, 6, 7, 8, 9]
Built vec env | suite=libero_object | task_id=2 | n_envs=1
Creating LIBERO envs | suites=['libero_object'] | n_envs(per task)=1 | init_states=True
Restricting to task_ids=[3]
[info] using task orders [0, 1, 2, 3, 4, 5, 6, 7, 8, 9]
Built vec env | suite=libero_object | task_id=3 | n_envs=1
Creating LIBERO envs | suites=['libero_object'] | n_envs(per task)=1 | init_states=True
Restricting to task_ids=[3]
[info] using task orders [0, 1, 2, 3, 4, 5, 6, 7, 8, 9]
Built vec env | suite=libero_object | task_id=3 | n_envs=1
Creating LIBERO envs | suites=['libero_object'] | n_envs(per task)=1 | init_states=True
Restricting to task_ids=[4]
[info] using task orders [0, 1, 2, 3, 4, 5, 6, 7, 8, 9]
Built vec env | suite=libero_object | task_id=4 | n_envs=1
Creating LIBERO envs | suites=['libero_object'] | n_envs(per task)=1 | init_states=True
Restricting to task_ids=[4]
[info] using task orders [0, 1, 2, 3, 4, 5, 6, 7, 8, 9]
Built vec env | suite=libero_object | task_id=4 | n_envs=1
Creating LIBERO envs | suites=['libero_object'] | n_envs(per task)=1 | init_states=True
Restricting to task_ids=[5]
[info] using task orders [0, 1, 2, 3, 4, 5, 6, 7, 8, 9]
Built vec env | suite=libero_object | task_id=5 | n_envs=1
Creating LIBERO envs | suites=['libero_object'] | n_envs(per task)=1 | init_states=True
Restricting to task_ids=[5]
[info] using task orders [0, 1, 2, 3, 4, 5, 6, 7, 8, 9]
Built vec env | suite=libero_object | task_id=5 | n_envs=1
Creating LIBERO envs | suites=['libero_object'] | n_envs(per task)=1 | init_states=True
Restricting to task_ids=[5]
[info] using task orders [0, 1, 2, 3, 4, 5, 6, 7, 8, 9]
Built vec env | suite=libero_object | task_id=5 | n_envs=1
Creating LIBERO envs | suites=['libero_object'] | n_envs(per task)=1 | init_states=True
Restricting to task_ids=[5]
[info] using task orders [0, 1, 2, 3, 4, 5, 6, 7, 8, 9]
Built vec env | suite=libero_object | task_id=5 | n_envs=1
Creating LIBERO envs | suites=['libero_object'] | n_envs(per task)=1 | init_states=True
Restricting to task_ids=[6]
[info] using task orders [0, 1, 2, 3, 4, 5, 6, 7, 8, 9]
Built vec env | suite=libero_object | task_id=6 | n_envs=1
Creating LIBERO envs | suites=['libero_object'] | n_envs(per task)=1 | init_states=True
Restricting to task_ids=[6]
[info] using task orders [0, 1, 2, 3, 4, 5, 6, 7, 8, 9]
Built vec env | suite=libero_object | task_id=6 | n_envs=1
Creating LIBERO envs | suites=['libero_object'] | n_envs(per task)=1 | init_states=True
Restricting to task_ids=[7]
[info] using task orders [0, 1, 2, 3, 4, 5, 6, 7, 8, 9]
Built vec env | suite=libero_object | task_id=7 | n_envs=1
Creating LIBERO envs | suites=['libero_object'] | n_envs(per task)=1 | init_states=True
Restricting to task_ids=[7]
[info] using task orders [0, 1, 2, 3, 4, 5, 6, 7, 8, 9]
Built vec env | suite=libero_object | task_id=7 | n_envs=1
Creating LIBERO envs | suites=['libero_object'] | n_envs(per task)=1 | init_states=True
Restricting to task_ids=[8]
[info] using task orders [0, 1, 2, 3, 4, 5, 6, 7, 8, 9]
Built vec env | suite=libero_object | task_id=8 | n_envs=1
Creating LIBERO envs | suites=['libero_object'] | n_envs(per task)=1 | init_states=True
Restricting to task_ids=[8]
[info] using task orders [0, 1, 2, 3, 4, 5, 6, 7, 8, 9]
Built vec env | suite=libero_object | task_id=8 | n_envs=1
Creating LIBERO envs | suites=['libero_object'] | n_envs(per task)=1 | init_states=True
Restricting to task_ids=[8]
[info] using task orders [0, 1, 2, 3, 4, 5, 6, 7, 8, 9]
Built vec env | suite=libero_object | task_id=8 | n_envs=1
Creating LIBERO envs | suites=['libero_object'] | n_envs(per task)=1 | init_states=True
Restricting to task_ids=[8]
[info] using task orders [0, 1, 2, 3, 4, 5, 6, 7, 8, 9]
Built vec env | suite=libero_object | task_id=8 | n_envs=1
Creating LIBERO envs | suites=['libero_object'] | n_envs(per task)=1 | init_states=True
Restricting to task_ids=[9]
[info] using task orders [0, 1, 2, 3, 4, 5, 6, 7, 8, 9]
Built vec env | suite=libero_object | task_id=9 | n_envs=1
Creating LIBERO envs | suites=['libero_object'] | n_envs(per task)=1 | init_states=True
Restricting to task_ids=[9]
[info] using task orders [0, 1, 2, 3, 4, 5, 6, 7, 8, 9]
Built vec env | suite=libero_object | task_id=9 | n_envs=1
Creating LIBERO envs | suites=['libero_spatial'] | n_envs(per task)=1 | init_states=True
Restricting to task_ids=[0]
[info] using task orders [0, 1, 2, 3, 4, 5, 6, 7, 8, 9]
Built vec env | suite=libero_spatial | task_id=0 | n_envs=1
Creating LIBERO envs | suites=['libero_spatial'] | n_envs(per task)=1 | init_states=True
Restricting to task_ids=[0]
[info] using task orders [0, 1, 2, 3, 4, 5, 6, 7, 8, 9]
Built vec env | suite=libero_spatial | task_id=0 | n_envs=1
Creating LIBERO envs | suites=['libero_spatial'] | n_envs(per task)=1 | init_states=True
Restricting to task_ids=[1]
[info] using task orders [0, 1, 2, 3, 4, 5, 6, 7, 8, 9]
Built vec env | suite=libero_spatial | task_id=1 | n_envs=1
Creating LIBERO envs | suites=['libero_spatial'] | n_envs(per task)=1 | init_states=True
Restricting to task_ids=[1]
[info] using task orders [0, 1, 2, 3, 4, 5, 6, 7, 8, 9]
Built vec env | suite=libero_spatial | task_id=1 | n_envs=1
Creating LIBERO envs | suites=['libero_spatial'] | n_envs(per task)=1 | init_states=True
Restricting to task_ids=[1]
[info] using task orders [0, 1, 2, 3, 4, 5, 6, 7, 8, 9]
Built vec env | suite=libero_spatial | task_id=1 | n_envs=1
Creating LIBERO envs | suites=['libero_spatial'] | n_envs(per task)=1 | init_states=True
Restricting to task_ids=[1]
[info] using task orders [0, 1, 2, 3, 4, 5, 6, 7, 8, 9]
Built vec env | suite=libero_spatial | task_id=1 | n_envs=1
Creating LIBERO envs | suites=['libero_spatial'] | n_envs(per task)=1 | init_states=True
Restricting to task_ids=[2]
[info] using task orders [0, 1, 2, 3, 4, 5, 6, 7, 8, 9]
Built vec env | suite=libero_spatial | task_id=2 | n_envs=1
Creating LIBERO envs | suites=['libero_spatial'] | n_envs(per task)=1 | init_states=True
Restricting to task_ids=[2]
[info] using task orders [0, 1, 2, 3, 4, 5, 6, 7, 8, 9]
Built vec env | suite=libero_spatial | task_id=2 | n_envs=1
Creating LIBERO envs | suites=['libero_spatial'] | n_envs(per task)=1 | init_states=True
Restricting to task_ids=[3]
[info] using task orders [0, 1, 2, 3, 4, 5, 6, 7, 8, 9]
Built vec env | suite=libero_spatial | task_id=3 | n_envs=1
Creating LIBERO envs | suites=['libero_spatial'] | n_envs(per task)=1 | init_states=True
Restricting to task_ids=[3]
[info] using task orders [0, 1, 2, 3, 4, 5, 6, 7, 8, 9]
Built vec env | suite=libero_spatial | task_id=3 | n_envs=1
Creating LIBERO envs | suites=['libero_spatial'] | n_envs(per task)=1 | init_states=True
Restricting to task_ids=[4]
[info] using task orders [0, 1, 2, 3, 4, 5, 6, 7, 8, 9]
Built vec env | suite=libero_spatial | task_id=4 | n_envs=1
Creating LIBERO envs | suites=['libero_spatial'] | n_envs(per task)=1 | init_states=True
Restricting to task_ids=[4]
[info] using task orders [0, 1, 2, 3, 4, 5, 6, 7, 8, 9]
Built vec env | suite=libero_spatial | task_id=4 | n_envs=1
Creating LIBERO envs | suites=['libero_spatial'] | n_envs(per task)=1 | init_states=True
Restricting to task_ids=[4]
[info] using task orders [0, 1, 2, 3, 4, 5, 6, 7, 8, 9]
Built vec env | suite=libero_spatial | task_id=4 | n_envs=1
Creating LIBERO envs | suites=['libero_spatial'] | n_envs(per task)=1 | init_states=True
Restricting to task_ids=[4]
[info] using task orders [0, 1, 2, 3, 4, 5, 6, 7, 8, 9]
Built vec env | suite=libero_spatial | task_id=4 | n_envs=1
Creating LIBERO envs | suites=['libero_spatial'] | n_envs(per task)=1 | init_states=True
Restricting to task_ids=[5]
[info] using task orders [0, 1, 2, 3, 4, 5, 6, 7, 8, 9]
Built vec env | suite=libero_spatial | task_id=5 | n_envs=1
Creating LIBERO envs | suites=['libero_spatial'] | n_envs(per task)=1 | init_states=True
Restricting to task_ids=[5]
[info] using task orders [0, 1, 2, 3, 4, 5, 6, 7, 8, 9]
Built vec env | suite=libero_spatial | task_id=5 | n_envs=1
Creating LIBERO envs | suites=['libero_spatial'] | n_envs(per task)=1 | init_states=True
Restricting to task_ids=[6]
[info] using task orders [0, 1, 2, 3, 4, 5, 6, 7, 8, 9]
Built vec env | suite=libero_spatial | task_id=6 | n_envs=1
Creating LIBERO envs | suites=['libero_spatial'] | n_envs(per task)=1 | init_states=True
Restricting to task_ids=[6]
[info] using task orders [0, 1, 2, 3, 4, 5, 6, 7, 8, 9]
Built vec env | suite=libero_spatial | task_id=6 | n_envs=1
Creating LIBERO envs | suites=['libero_spatial'] | n_envs(per task)=1 | init_states=True
Restricting to task_ids=[7]
[info] using task orders [0, 1, 2, 3, 4, 5, 6, 7, 8, 9]
Built vec env | suite=libero_spatial | task_id=7 | n_envs=1
Creating LIBERO envs | suites=['libero_spatial'] | n_envs(per task)=1 | init_states=True
Restricting to task_ids=[7]
[info] using task orders [0, 1, 2, 3, 4, 5, 6, 7, 8, 9]
Built vec env | suite=libero_spatial | task_id=7 | n_envs=1
Creating LIBERO envs | suites=['libero_spatial'] | n_envs(per task)=1 | init_states=True
Restricting to task_ids=[7]
[info] using task orders [0, 1, 2, 3, 4, 5, 6, 7, 8, 9]
Built vec env | suite=libero_spatial | task_id=7 | n_envs=1
Creating LIBERO envs | suites=['libero_spatial'] | n_envs(per task)=1 | init_states=True
Restricting to task_ids=[7]
[info] using task orders [0, 1, 2, 3, 4, 5, 6, 7, 8, 9]
Built vec env | suite=libero_spatial | task_id=7 | n_envs=1
Creating LIBERO envs | suites=['libero_spatial'] | n_envs(per task)=1 | init_states=True
Restricting to task_ids=[8]
[info] using task orders [0, 1, 2, 3, 4, 5, 6, 7, 8, 9]
Built vec env | suite=libero_spatial | task_id=8 | n_envs=1
Creating LIBERO envs | suites=['libero_spatial'] | n_envs(per task)=1 | init_states=True
Restricting to task_ids=[8]
[info] using task orders [0, 1, 2, 3, 4, 5, 6, 7, 8, 9]
Built vec env | suite=libero_spatial | task_id=8 | n_envs=1
Creating LIBERO envs | suites=['libero_spatial'] | n_envs(per task)=1 | init_states=True
Restricting to task_ids=[9]
[info] using task orders [0, 1, 2, 3, 4, 5, 6, 7, 8, 9]
Built vec env | suite=libero_spatial | task_id=9 | n_envs=1
Creating LIBERO envs | suites=['libero_spatial'] | n_envs(per task)=1 | init_states=True
Restricting to task_ids=[9]
[info] using task orders [0, 1, 2, 3, 4, 5, 6, 7, 8, 9]
Built vec env | suite=libero_spatial | task_id=9 | n_envs=1
