[robosuite WARNING] No private macro file found! (__init__.py:7)
WARNING:robosuite_logs:No private macro file found!
[robosuite WARNING] It is recommended to use a private macro file (__init__.py:8)
WARNING:robosuite_logs:It is recommended to use a private macro file
[robosuite WARNING] To setup, run: python /home/wjq/workspace/venvs/libero_act/lib/python3.12/site-packages/robosuite/scripts/setup_macros.py (__init__.py:9)
WARNING:robosuite_logs:To setup, run: python /home/wjq/workspace/venvs/libero_act/lib/python3.12/site-packages/robosuite/scripts/setup_macros.py
Loading weights from local directory
Creating LIBERO envs | suites=['libero_goal'] | n_envs(per task)=1 | init_states=True
Restricting to task_ids=[1]
[info] using task orders [0, 1, 2, 3, 4, 5, 6, 7, 8, 9]
Built vec env | suite=libero_goal | task_id=1 | n_envs=1
Creating LIBERO envs | suites=['libero_goal'] | n_envs(per task)=1 | init_states=True
Restricting to task_ids=[1]
[info] using task orders [0, 1, 2, 3, 4, 5, 6, 7, 8, 9]
Built vec env | suite=libero_goal | task_id=1 | n_envs=1
Creating LIBERO envs | suites=['libero_goal'] | n_envs(per task)=1 | init_states=True
Restricting to task_ids=[1]
[info] using task orders [0, 1, 2, 3, 4, 5, 6, 7, 8, 9]
Built vec env | suite=libero_goal | task_id=1 | n_envs=1
Creating LIBERO envs | suites=['libero_goal'] | n_envs(per task)=1 | init_states=True
Restricting to task_ids=[1]
[info] using task orders [0, 1, 2, 3, 4, 5, 6, 7, 8, 9]
Built vec env | suite=libero_goal | task_id=1 | n_envs=1
Creating LIBERO envs | suites=['libero_goal'] | n_envs(per task)=1 | init_states=True
Restricting to task_ids=[1]
[info] using task orders [0, 1, 2, 3, 4, 5, 6, 7, 8, 9]
Built vec env | suite=libero_goal | task_id=1 | n_envs=1
Creating LIBERO envs | suites=['libero_goal'] | n_envs(per task)=1 | init_states=True
Restricting to task_ids=[1]
[info] using task orders [0, 1, 2, 3, 4, 5, 6, 7, 8, 9]
Built vec env | suite=libero_goal | task_id=1 | n_envs=1
Creating LIBERO envs | suites=['libero_goal'] | n_envs(per task)=1 | init_states=True
Restricting to task_ids=[1]
[info] using task orders [0, 1, 2, 3, 4, 5, 6, 7, 8, 9]
Built vec env | suite=libero_goal | task_id=1 | n_envs=1
{
  "output": "results_libero_goal_task1.json",
  "task": "libero_goal:task1",
  "methods": [
    "fresh",
    "official_act_temporal_ensemble",
    "cogact_shared_full_action",
    "component_arm_fresh_gripper_act",
    "groupwise_similarity",
    "groupwise_similarity_age",
    "groupwise_similarity_age_gripper_vote"
  ]
}
