[robosuite WARNING] No private macro file found! (__init__.py:7)
WARNING:robosuite_logs:No private macro file found!
[robosuite WARNING] It is recommended to use a private macro file (__init__.py:8)
WARNING:robosuite_logs:It is recommended to use a private macro file
[robosuite WARNING] To setup, run: python /home/wjq/workspace/venvs/libero_act/lib/python3.12/site-packages/robosuite/scripts/setup_macros.py (__init__.py:9)
WARNING:robosuite_logs:To setup, run: python /home/wjq/workspace/venvs/libero_act/lib/python3.12/site-packages/robosuite/scripts/setup_macros.py
Loading weights from local directory
Creating LIBERO envs | suites=['libero_spatial'] | n_envs(per task)=1 | init_states=True
Restricting to task_ids=[0]
[info] using task orders [0, 1, 2, 3, 4, 5, 6, 7, 8, 9]
Built vec env | suite=libero_spatial | task_id=0 | n_envs=1
Creating LIBERO envs | suites=['libero_spatial'] | n_envs(per task)=1 | init_states=True
Restricting to task_ids=[0]
[info] using task orders [0, 1, 2, 3, 4, 5, 6, 7, 8, 9]
Built vec env | suite=libero_spatial | task_id=0 | n_envs=1
Creating LIBERO envs | suites=['libero_spatial'] | n_envs(per task)=1 | init_states=True
Restricting to task_ids=[0]
[info] using task orders [0, 1, 2, 3, 4, 5, 6, 7, 8, 9]
Built vec env | suite=libero_spatial | task_id=0 | n_envs=1
Creating LIBERO envs | suites=['libero_spatial'] | n_envs(per task)=1 | init_states=True
Restricting to task_ids=[0]
[info] using task orders [0, 1, 2, 3, 4, 5, 6, 7, 8, 9]
Built vec env | suite=libero_spatial | task_id=0 | n_envs=1
Creating LIBERO envs | suites=['libero_spatial'] | n_envs(per task)=1 | init_states=True
Restricting to task_ids=[0]
[info] using task orders [0, 1, 2, 3, 4, 5, 6, 7, 8, 9]
Built vec env | suite=libero_spatial | task_id=0 | n_envs=1
Creating LIBERO envs | suites=['libero_spatial'] | n_envs(per task)=1 | init_states=True
Restricting to task_ids=[0]
[info] using task orders [0, 1, 2, 3, 4, 5, 6, 7, 8, 9]
Built vec env | suite=libero_spatial | task_id=0 | n_envs=1
Creating LIBERO envs | suites=['libero_spatial'] | n_envs(per task)=1 | init_states=True
Restricting to task_ids=[0]
[info] using task orders [0, 1, 2, 3, 4, 5, 6, 7, 8, 9]
Built vec env | suite=libero_spatial | task_id=0 | n_envs=1
Creating LIBERO envs | suites=['libero_spatial'] | n_envs(per task)=1 | init_states=True
Restricting to task_ids=[0]
[info] using task orders [0, 1, 2, 3, 4, 5, 6, 7, 8, 9]
Built vec env | suite=libero_spatial | task_id=0 | n_envs=1
Creating LIBERO envs | suites=['libero_spatial'] | n_envs(per task)=1 | init_states=True
Restricting to task_ids=[0]
[info] using task orders [0, 1, 2, 3, 4, 5, 6, 7, 8, 9]
Built vec env | suite=libero_spatial | task_id=0 | n_envs=1
Creating LIBERO envs | suites=['libero_spatial'] | n_envs(per task)=1 | init_states=True
Restricting to task_ids=[0]
[info] using task orders [0, 1, 2, 3, 4, 5, 6, 7, 8, 9]
Built vec env | suite=libero_spatial | task_id=0 | n_envs=1
Creating LIBERO envs | suites=['libero_spatial'] | n_envs(per task)=1 | init_states=True
Restricting to task_ids=[0]
[info] using task orders [0, 1, 2, 3, 4, 5, 6, 7, 8, 9]
Built vec env | suite=libero_spatial | task_id=0 | n_envs=1
Creating LIBERO envs | suites=['libero_spatial'] | n_envs(per task)=1 | init_states=True
Restricting to task_ids=[0]
[info] using task orders [0, 1, 2, 3, 4, 5, 6, 7, 8, 9]
Built vec env | suite=libero_spatial | task_id=0 | n_envs=1
Creating LIBERO envs | suites=['libero_spatial'] | n_envs(per task)=1 | init_states=True
Restricting to task_ids=[0]
[info] using task orders [0, 1, 2, 3, 4, 5, 6, 7, 8, 9]
Built vec env | suite=libero_spatial | task_id=0 | n_envs=1
Creating LIBERO envs | suites=['libero_spatial'] | n_envs(per task)=1 | init_states=True
Restricting to task_ids=[0]
[info] using task orders [0, 1, 2, 3, 4, 5, 6, 7, 8, 9]
Built vec env | suite=libero_spatial | task_id=0 | n_envs=1
Creating LIBERO envs | suites=['libero_spatial'] | n_envs(per task)=1 | init_states=True
Restricting to task_ids=[0]
[info] using task orders [0, 1, 2, 3, 4, 5, 6, 7, 8, 9]
Built vec env | suite=libero_spatial | task_id=0 | n_envs=1
Creating LIBERO envs | suites=['libero_spatial'] | n_envs(per task)=1 | init_states=True
Restricting to task_ids=[0]
[info] using task orders [0, 1, 2, 3, 4, 5, 6, 7, 8, 9]
Built vec env | suite=libero_spatial | task_id=0 | n_envs=1
Creating LIBERO envs | suites=['libero_spatial'] | n_envs(per task)=1 | init_states=True
Restricting to task_ids=[0]
[info] using task orders [0, 1, 2, 3, 4, 5, 6, 7, 8, 9]
Built vec env | suite=libero_spatial | task_id=0 | n_envs=1
Creating LIBERO envs | suites=['libero_spatial'] | n_envs(per task)=1 | init_states=True
Restricting to task_ids=[0]
[info] using task orders [0, 1, 2, 3, 4, 5, 6, 7, 8, 9]
Built vec env | suite=libero_spatial | task_id=0 | n_envs=1
Creating LIBERO envs | suites=['libero_spatial'] | n_envs(per task)=1 | init_states=True
Restricting to task_ids=[0]
[info] using task orders [0, 1, 2, 3, 4, 5, 6, 7, 8, 9]
Built vec env | suite=libero_spatial | task_id=0 | n_envs=1
Creating LIBERO envs | suites=['libero_spatial'] | n_envs(per task)=1 | init_states=True
Restricting to task_ids=[0]
[info] using task orders [0, 1, 2, 3, 4, 5, 6, 7, 8, 9]
Built vec env | suite=libero_spatial | task_id=0 | n_envs=1
Creating LIBERO envs | suites=['libero_spatial'] | n_envs(per task)=1 | init_states=True
Restricting to task_ids=[0]
[info] using task orders [0, 1, 2, 3, 4, 5, 6, 7, 8, 9]
Built vec env | suite=libero_spatial | task_id=0 | n_envs=1
Creating LIBERO envs | suites=['libero_spatial'] | n_envs(per task)=1 | init_states=True
Restricting to task_ids=[0]
[info] using task orders [0, 1, 2, 3, 4, 5, 6, 7, 8, 9]
Built vec env | suite=libero_spatial | task_id=0 | n_envs=1
Creating LIBERO envs | suites=['libero_spatial'] | n_envs(per task)=1 | init_states=True
Restricting to task_ids=[0]
[info] using task orders [0, 1, 2, 3, 4, 5, 6, 7, 8, 9]
Built vec env | suite=libero_spatial | task_id=0 | n_envs=1
Creating LIBERO envs | suites=['libero_spatial'] | n_envs(per task)=1 | init_states=True
Restricting to task_ids=[0]
[info] using task orders [0, 1, 2, 3, 4, 5, 6, 7, 8, 9]
Built vec env | suite=libero_spatial | task_id=0 | n_envs=1
Creating LIBERO envs | suites=['libero_spatial'] | n_envs(per task)=1 | init_states=True
Restricting to task_ids=[0]
[info] using task orders [0, 1, 2, 3, 4, 5, 6, 7, 8, 9]
Built vec env | suite=libero_spatial | task_id=0 | n_envs=1
Creating LIBERO envs | suites=['libero_spatial'] | n_envs(per task)=1 | init_states=True
Restricting to task_ids=[0]
[info] using task orders [0, 1, 2, 3, 4, 5, 6, 7, 8, 9]
Built vec env | suite=libero_spatial | task_id=0 | n_envs=1
Creating LIBERO envs | suites=['libero_spatial'] | n_envs(per task)=1 | init_states=True
Restricting to task_ids=[0]
[info] using task orders [0, 1, 2, 3, 4, 5, 6, 7, 8, 9]
Built vec env | suite=libero_spatial | task_id=0 | n_envs=1
Creating LIBERO envs | suites=['libero_spatial'] | n_envs(per task)=1 | init_states=True
Restricting to task_ids=[0]
[info] using task orders [0, 1, 2, 3, 4, 5, 6, 7, 8, 9]
Built vec env | suite=libero_spatial | task_id=0 | n_envs=1
Creating LIBERO envs | suites=['libero_spatial'] | n_envs(per task)=1 | init_states=True
Restricting to task_ids=[0]
[info] using task orders [0, 1, 2, 3, 4, 5, 6, 7, 8, 9]
Built vec env | suite=libero_spatial | task_id=0 | n_envs=1
Creating LIBERO envs | suites=['libero_spatial'] | n_envs(per task)=1 | init_states=True
Restricting to task_ids=[0]
[info] using task orders [0, 1, 2, 3, 4, 5, 6, 7, 8, 9]
Built vec env | suite=libero_spatial | task_id=0 | n_envs=1
{"output": "/home/wjq/workspace/one-clock/experiments/sparse_temporal_ensemble_age_audit/act_h16/results/libero_spatial_task0.json", "task": "libero_spatial:task0", "episodes": 30}
{"valid": true, "task": "libero_spatial:task0", "episodes_per_method": 10}
