INFO 2026-08-26 17:36:13 bot_eval.py:507 {'env': {'camera_name': 'agentview_image,robot0_eye_in_hand_image',
         'camera_name_mapping': None,
         'control_mode': 'relative',
         'disable_env_checker': True,
         'episode_length': None,
         'features': {'action': {'shape': (7,),
                                 'type': <FeatureType.ACTION: 'ACTION'>},
                      'pixels/agentview_image': {'shape': (360, 360, 3),
                                                 'type': <FeatureType.VISUAL: 'VISUAL'>},
                      'pixels/robot0_eye_in_hand_image': {'shape': (360,
                                                                    360,
                                                                    3),
                                                          'type': <FeatureType.VISUAL: 'VISUAL'>},
                      'robot_state/eef/mat': {'shape': (3, 3),
                                              'type': <FeatureType.STATE: 'STATE'>},
                      'robot_state/eef/pos': {'shape': (3,),
                                              'type': <FeatureType.STATE: 'STATE'>},
                      'robot_state/eef/quat': {'shape': (4,),
                                               'type': <FeatureType.STATE: 'STATE'>},
                      'robot_state/gripper/qpos': {'shape': (2,),
                                                   'type': <FeatureType.STATE: 'STATE'>},
                      'robot_state/gripper/qvel': {'shape': (2,),
                                                   'type': <FeatureType.STATE: 'STATE'>},
                      'robot_state/joints/pos': {'shape': (7,),
                                                 'type': <FeatureType.STATE: 'STATE'>},
                      'robot_state/joints/vel': {'shape': (7,),
                                                 'type': <FeatureType.STATE: 'STATE'>}},
         'features_map': {'action': 'action',
                          'pixels/agentview_image': 'observation.images.image',
                          'pixels/robot0_eye_in_hand_image': 'observation.images.image2',
                          'robot_state/eef/mat': 'observation.state.eef_mat',
                          'robot_state/eef/pos': 'observation.state.eef_pos',
                          'robot_state/eef/quat': 'observation.state.eef_quat',
                          'robot_state/gripper/qpos': 'observation.state.gripper_qpos',
                          'robot_state/gripper/qvel': 'observation.state.gripper_qvel',
                          'robot_state/joints/pos': 'observation.state.joint_pos',
                          'robot_state/joints/vel': 'observation.state.joint_vel'},
         'fps': 30,
         'init_states': True,
         'max_parallel_tasks': 1,
         'obs_type': 'pixels_agent_pos',
         'observation_height': 360,
         'observation_width': 360,
         'render_mode': 'rgb_array',
         'task': 'libero_goal',
         'task_ids': [0]},
 'eval': {'batch_size': 1, 'n_episodes': 2, 'use_async_envs': False},
 'job_name': 'smolvla_goal_smoke_retry',
 'output_dir': PosixPath('/home/wjq/workspace/one-clock/experiments/standard_libero_baselines/smolvla_goal_smoke_retry'),
 'policy': {'adapt_to_pi_aloha': False,
            'add_image_special_tokens': False,
            'attention_mode': 'cross_attn',
            'chunk_size': 50,
            'compile_mode': 'max-autotune',
            'compile_model': False,
            'device': 'cuda',
            'empty_cameras': 0,
            'expert_width_multiplier': 0.5,
            'freeze_vision_encoder': True,
            'input_features': {'observation.images.image': {'shape': (3,
                                                                      256,
                                                                      256),
                                                            'type': <FeatureType.VISUAL: 'VISUAL'>},
                               'observation.images.image2': {'shape': (3,
                                                                       256,
                                                                       256),
                                                             'type': <FeatureType.VISUAL: 'VISUAL'>},
                               'observation.state': {'shape': (8,),
                                                     'type': <FeatureType.STATE: 'STATE'>}},
            'license': None,
            'load_vlm_weights': True,
            'max_action_dim': 32,
            'max_period': 4.0,
            'max_state_dim': 32,
            'min_period': 0.004,
            'n_action_steps': 1,
            'n_obs_steps': 1,
            'normalization_mapping': {'ACTION': <NormalizationMode.MEAN_STD: 'MEAN_STD'>,
                                      'STATE': <NormalizationMode.MEAN_STD: 'MEAN_STD'>,
                                      'VISUAL': <NormalizationMode.IDENTITY: 'IDENTITY'>},
            'num_expert_layers': -1,
            'num_steps': 10,
            'num_vlm_layers': 0,
            'optimizer_betas': (0.9, 0.95),
            'optimizer_eps': 1e-08,
            'optimizer_grad_clip_norm': 10.0,
            'optimizer_lr': 0.0001,
            'optimizer_weight_decay': 1e-10,
            'output_features': {'action': {'shape': (7,),
                                           'type': <FeatureType.ACTION: 'ACTION'>}},
            'pad_language_to': 'longest',
            'prefix_length': 0,
            'pretrained_path': PosixPath('/home/wjq/checkpoints/HuggingFaceVLA_smolvla_libero'),
            'private': None,
            'push_to_hub': True,
            'repo_id': 'None',
            'resize_imgs_with_padding': (512, 512),
            'rtc_config': None,
            'scheduler_decay_lr': 2.5e-06,
            'scheduler_decay_steps': 30000,
            'scheduler_warmup_steps': 1000,
            'self_attn_every_n_layers': 2,
            'tags': None,
            'tokenizer_max_length': 48,
            'train_expert_only': True,
            'train_state_proj': True,
            'use_amp': False,
            'use_cache': True,
            'use_delta_joint_actions_aloha': False,
            'use_peft': False,
            'vlm_model_name': 'HuggingFaceTB/SmolVLM2-500M-Instruct'},
 'rename_map': {},
 'seed': 1000,
 'trust_remote_code': False}
INFO 2026-08-26 17:36:13 bot_eval.py:516 Output dir: /home/wjq/workspace/one-clock/experiments/standard_libero_baselines/smolvla_goal_smoke_retry
INFO 2026-08-26 17:36:13 bot_eval.py:518 Making environment.
[robosuite WARNING] No private macro file found! (__init__.py:7)
WARNING 2026-08-26 17:36:13 e/__init__.py:7 No private macro file found!
[robosuite WARNING] It is recommended to use a private macro file (__init__.py:8)
WARNING 2026-08-26 17:36:13 e/__init__.py:8 It is recommended to use a private macro file
[robosuite WARNING] To setup, run: python /home/wjq/workspace/venvs/libero_act/lib/python3.12/site-packages/robosuite/scripts/setup_macros.py (__init__.py:9)
WARNING 2026-08-26 17:36:13 e/__init__.py:9 To setup, run: python /home/wjq/workspace/venvs/libero_act/lib/python3.12/site-packages/robosuite/scripts/setup_macros.py
INFO 2026-08-26 17:36:13 tesupport.py:24 No OpenGL_accelerate module loaded: No module named 'OpenGL_accelerate'
INFO 2026-08-26 17:36:19 bot_eval.py:526 Making policy.
Creating LIBERO envs | suites=['libero_goal'] | n_envs(per task)=1 | init_states=True
Restricting to task_ids=[0]
[info] using task orders [0, 1, 2, 3, 4, 5, 6, 7, 8, 9]
Built vec env | suite=libero_goal | task_id=0 | n_envs=1
Loading  HuggingFaceTB/SmolVLM2-500M-Instruct weights ...
Traceback (most recent call last):
  File "/home/wjq/workspace/venvs/libero_act/bin/lerobot-eval", line 10, in <module>
    sys.exit(main())
             ^^^^^^
  File "/home/wjq/workspace/venvs/libero_act/lib/python3.12/site-packages/lerobot/scripts/lerobot_eval.py", line 809, in main
    eval_main()
  File "/home/wjq/workspace/venvs/libero_act/lib/python3.12/site-packages/lerobot/configs/parser.py", line 233, in wrapper_inner
    response = fn(cfg, *args, **kwargs)
               ^^^^^^^^^^^^^^^^^^^^^^^^
  File "/home/wjq/workspace/venvs/libero_act/lib/python3.12/site-packages/lerobot/scripts/lerobot_eval.py", line 528, in eval_main
    policy = make_policy(
             ^^^^^^^^^^^^
  File "/home/wjq/workspace/venvs/libero_act/lib/python3.12/site-packages/lerobot/policies/factory.py", line 492, in make_policy
    policy = policy_cls.from_pretrained(**kwargs)
             ^^^^^^^^^^^^^^^^^^^^^^^^^^^^^^^^^^^^
  File "/home/wjq/workspace/venvs/libero_act/lib/python3.12/site-packages/lerobot/policies/pretrained.py", line 108, in from_pretrained
    instance = cls(config, **kwargs)
               ^^^^^^^^^^^^^^^^^^^^^
  File "/home/wjq/workspace/venvs/libero_act/lib/python3.12/site-packages/lerobot/policies/smolvla/modeling_smolvla.py", line 246, in __init__
    self.model = VLAFlowMatching(config, rtc_processor=self.rtc_processor)
                 ^^^^^^^^^^^^^^^^^^^^^^^^^^^^^^^^^^^^^^^^^^^^^^^^^^^^^^^^^
  File "/home/wjq/workspace/venvs/libero_act/lib/python3.12/site-packages/lerobot/policies/smolvla/modeling_smolvla.py", line 559, in __init__
    self.vlm_with_expert = SmolVLMWithExpertModel(
                           ^^^^^^^^^^^^^^^^^^^^^^^
  File "/home/wjq/workspace/venvs/libero_act/lib/python3.12/site-packages/lerobot/policies/smolvla/smolvlm_with_expert.py", line 87, in __init__
    self.processor = AutoProcessor.from_pretrained(model_id)
                     ^^^^^^^^^^^^^^^^^^^^^^^^^^^^^^^^^^^^^^^
  File "/home/wjq/workspace/venvs/libero_act/lib/python3.12/site-packages/transformers/models/auto/processing_auto.py", line 347, in from_pretrained
    return processor_class.from_pretrained(
           ^^^^^^^^^^^^^^^^^^^^^^^^^^^^^^^^
  File "/home/wjq/workspace/venvs/libero_act/lib/python3.12/site-packages/transformers/processing_utils.py", line 1082, in from_pretrained
    return cls.from_args_and_dict(args, processor_dict, **kwargs)
           ^^^^^^^^^^^^^^^^^^^^^^^^^^^^^^^^^^^^^^^^^^^^^^^^^^^^^^
  File "/home/wjq/workspace/venvs/libero_act/lib/python3.12/site-packages/transformers/processing_utils.py", line 876, in from_args_and_dict
    processor = cls(*args, **processor_dict)
                ^^^^^^^^^^^^^^^^^^^^^^^^^^^^
  File "/home/wjq/workspace/venvs/libero_act/lib/python3.12/site-packages/transformers/models/smolvlm/processing_smolvlm.py", line 165, in __init__
    raise ImportError(
ImportError: Package `num2words` is required to run SmolVLM processor. Install it with `pip install num2words`.
Exception ignored in: <function MjRenderContext.__del__ at 0x75fa73d680e0>
Traceback (most recent call last):
  File "/home/wjq/workspace/venvs/libero_act/lib/python3.12/site-packages/robosuite/utils/binding_utils.py", line 199, in __del__
    self.gl_ctx.free()
  File "/home/wjq/workspace/venvs/libero_act/lib/python3.12/site-packages/robosuite/renderers/context/egl_context.py", line 149, in free
    EGL.eglMakeCurrent(EGL_DISPLAY, EGL.EGL_NO_SURFACE, EGL.EGL_NO_SURFACE, EGL.EGL_NO_CONTEXT)
  File "/home/wjq/workspace/venvs/libero_act/lib/python3.12/site-packages/OpenGL/error.py", line 230, in glCheckError
    raise self._errorClass(
OpenGL.raw.EGL._errors.EGLError: <exception str() failed>
Exception ignored in: <function EGLGLContext.__del__ at 0x75fa77fa7f60>
Traceback (most recent call last):
  File "/home/wjq/workspace/venvs/libero_act/lib/python3.12/site-packages/robosuite/renderers/context/egl_context.py", line 155, in __del__
    self.free()
  File "/home/wjq/workspace/venvs/libero_act/lib/python3.12/site-packages/robosuite/renderers/context/egl_context.py", line 149, in free
    EGL.eglMakeCurrent(EGL_DISPLAY, EGL.EGL_NO_SURFACE, EGL.EGL_NO_SURFACE, EGL.EGL_NO_CONTEXT)
  File "/home/wjq/workspace/venvs/libero_act/lib/python3.12/site-packages/OpenGL/error.py", line 230, in glCheckError
    raise self._errorClass(
OpenGL.raw.EGL._errors.EGLError: <exception str() failed>
