[robosuite WARNING] No private macro file found! (__init__.py:7)
WARNING:robosuite_logs:No private macro file found!
[robosuite WARNING] It is recommended to use a private macro file (__init__.py:8)
WARNING:robosuite_logs:It is recommended to use a private macro file
[robosuite WARNING] To setup, run: python /home/wjq/workspace/one-clock/.venv/lib/python3.12/site-packages/robosuite/scripts/setup_macros.py (__init__.py:9)
WARNING:robosuite_logs:To setup, run: python /home/wjq/workspace/one-clock/.venv/lib/python3.12/site-packages/robosuite/scripts/setup_macros.py
Creating LIBERO envs | suites=['libero_goal'] | n_envs(per task)=1 | init_states=True
Restricting to task_ids=[0]
[info] using task orders [0, 1, 2, 3, 4, 5, 6, 7, 8, 9]
Built vec env | suite=libero_goal | task_id=0 | n_envs=1
Loading weights from local directory
Local assets not found. Downloading from HuggingFace Hub...
Assets already downloaded at /home/wjq/.cache/libero/assets
Creating LIBERO envs | suites=['libero_goal'] | n_envs(per task)=1 | init_states=True
Restricting to task_ids=[3]
[info] using task orders [0, 1, 2, 3, 4, 5, 6, 7, 8, 9]
Built vec env | suite=libero_goal | task_id=3 | n_envs=1
Loading weights from local directory
Creating LIBERO envs | suites=['libero_10'] | n_envs(per task)=1 | init_states=True
Restricting to task_ids=[1]
[info] using task orders [0, 1, 2, 3, 4, 5, 6, 7, 8, 9]
Built vec env | suite=libero_10 | task_id=1 | n_envs=1
Loading weights from local directory
